✔ [4/22] Built Batteries.Control.ForInStep.Basic (1.1s)
✔ [5/22] Built Batteries.Lean.Syntax (1.1s)
✔ [6/35] Built Batteries.Control.ForInStep.Lemmas (1.5s)
✔ [7/37] Built Batteries.CodeAction.Deprecated (3.3s)
✔ [8/40] Built Batteries.Tactic.Lint.Basic (3.5s)
✔ [9/45] Built Batteries.Lean.Position (1.8s)
✔ [10/48] Built Mathlib.Tactic.Linter.DirectoryDependency (5.2s)
✔ [11/52] Built Batteries.Tactic.Unreachable (2.0s)
✔ [12/52] Built Batteries.Tactic.Lint.Misc (3.6s)
✔ [13/52] Built Batteries.Lean.Meta.Inaccessible (1.6s)
✔ [16/60] Built ImportGraph.Imports.ImportGraph (1.4s)
✔ [17/60] Built Batteries.Tactic.Alias (7.4s)
✔ [18/61] Built Mathlib.Tactic.Linter.Header (4.6s)
✔ [19/61] Built ImportGraph.Lean.Environment (1.1s)
✔ [20/61] Built ImportGraph.Imports.Redundant (1.6s)
✔ [21/61] Built Mathlib.Util.ParseCommand (2.7s)
✔ [22/61] Built Mathlib.Tactic.DeclarationNames (2.5s)
✔ [23/61] Built Mathlib.Tactic.Linter.Whitespace (6.4s)
✔ [24/61] Built Mathlib.Tactic.Linter.UnusedTacticExtension (2.7s)
✔ [25/61] Built Mathlib.Tactic.Linter.TacticDocumentation (1.8s)
✔ [26/61] Built Mathlib.Lean.Environment (1.7s)
✔ [27/61] Built Mathlib.Tactic.Linter.PrivateModule (2.3s)
✔ [28/61] Built Batteries.Util.ProofWanted (15s)
✔ [29/61] Built Mathlib.Lean.Elab.Tactic.Meta (2.4s)
✔ [30/61] Built Mathlib.Tactic.Linter.OldObtain (2.5s)
✔ [31/61] Built Mathlib.Lean.Expr.Basic (5.5s)
✔ [32/61] Built Mathlib.Tactic.Linter.Multigoal (3.6s)
✔ [33/61] Built Batteries.Data.List.Basic (19s)
✔ [34/61] Built Mathlib.Tactic.Linter.HaveILetI (3.2s)
✔ [35/61] Built Mathlib.Tactic.Linter.HashCommandLinter (3.2s)
✔ [36/61] Built Mathlib.Tactic.Linter.GlobalAttributeIn (2.3s)
✔ [37/61] Built Mathlib.Tactic.Linter.FlexibleLinter (9.3s)
✔ [38/61] Built Mathlib.Tactic.Linter.EmptyLine (4.7s)
✔ [39/61] Built Mathlib.Tactic.Linter.DocString (6.0s)
✔ [40/61] Built Mathlib.Tactic.Linter.AuxLemma (2.8s)
✔ [41/61] Built Mathlib.Tactic.Lemma (1.0s)
✔ [42/61] Built Mathlib.Tactic.Linter.DeprecatedSyntaxLinter (5.2s)
✔ [43/63] Built Mathlib.Tactic.Linter.DocPrime (7.9s)
✔ [44/63] Built Mathlib.Lean.Linter (1.8s)
✔ [45/63] Built Mathlib.Tactic.AdaptationNote (3.4s)
✔ [46/63] Built Mathlib.Tactic.TypeStar (1.9s)
✔ [47/63] Built ImportGraph.Imports.RequiredModules (3.1s)
✔ [48/63] Built Mathlib.Lean.Elab.InfoTree (2.3s)
✔ [49/63] Built Mathlib.Tactic.Linter.UnusedTactic (3.0s)
✔ [50/63] Built Mathlib.Lean.ContextInfo (3.8s)
✔ [51/63] Built Batteries.Util.LibraryNote (3.3s)
✔ [52/63] Built Mathlib.Tactic.Linter.Style (9.1s)
✔ [53/66] Built Mathlib.Tactic.MinImports (6.0s)
✔ [54/66] Built Mathlib.Tactic.Linter.UnusedInstancesInType (6.1s)
✔ [55/66] Built Mathlib.Tactic.TacticAnalysis (7.2s)
✔ [56/67] Built ImportGraph.Graph.TransitiveClosure (2.0s)
✔ [57/69] Built Mathlib.Tactic.ExtractGoal (6.2s)
✔ [58/69] Built ImportGraph.Tools.ImportDiff (3.2s)
✔ [59/69] Built Batteries.Tactic.HelpCmd (10s)
✔ [60/69] Built ImportGraph.Tools.FindHome (4.3s)
✔ [61/69] Built ImportGraph.Tools.MinImports (3.3s)
✔ [62/75] Built Mathlib.Tactic.Linter.OverlappingInstances (10s)
✔ [63/75] Built ImportGraph.Tools.RedundantImports (3.6s)
✔ [64/75] Built Batteries.Tactic.Lint.TypeClass (3.0s)
✔ [65/75] Built Batteries.Tactic.OpenPrivate (6.9s)
✔ [66/79] Built ImportGraph.Tools (3.0s)
✔ [67/79] Built Batteries.Tactic.Lint.Simp (4.9s)
✔ [68/80] Built Mathlib.Tactic.TacticAnalysis.Declarations (15s)
✔ [69/82] Built Batteries.Data.List.Lemmas (40s)
✔ [70/82] Built Mathlib.Util.CodeActions.BinderPlicity (2.3s)
✔ [71/84] Built Batteries.Tactic.Lint.Frontend (7.5s)
✔ [72/84] Built Batteries.Util.ExtendedBinder (3.0s)
✔ [73/105] Built Mathlib.Util.CodeActions (1.7s)
✔ [74/105] Built Batteries.Lean.NameMapAttribute (1.9s)
✔ [75/105] Built Batteries.Tactic.Lint (1.8s)
✔ [76/106] Built Batteries.Data.List.Count (5.4s)
✔ [77/106] Built Batteries.Logic (1.9s)
✔ [78/111] Built Batteries.Control.Lemmas (1.7s)
✔ [79/111] Built Mathlib.Tactic.Linter.Lint (3.2s)
✔ [80/112] Built Mathlib.Init (4.2s)
✔ [81/112] Built Batteries.Control.LawfulMonadState (6.1s)
✔ [82/112] Built Batteries.Tactic.Trans (9.0s)
✔ [83/112] Built Batteries.Data.List.Perm (8.4s)
✔ [84/112] Built Mathlib.Logic.OpClass (2.5s)
✔ [85/112] Built Mathlib.Tactic.ToExpr (2.7s)
✔ [86/113] Built Mathlib.Tactic.Attr.Register (4.9s)
✔ [87/113] Built Mathlib.Util.CompileInductive (7.9s)
✔ [88/113] Built Mathlib.Tactic.Translate.Attributes (2.7s)
✔ [89/113] Built Mathlib.Tactic.Translate.UnfoldBoundary (7.6s)
✔ [90/113] Built Mathlib.Tactic.Eqns (2.3s)
✔ [91/113] Built Mathlib.Lean.Meta.Simp (4.3s)
✔ [92/113] Built Mathlib.Data.String.Defs (2.5s)
✔ [93/114] Built Mathlib.Data.Nat.Notation (2.1s)
✔ [94/114] Built Mathlib.Util.AddRelatedDecl (6.6s)
✔ [95/114] Built Mathlib.Tactic.Translate.Reorder (12s)
✔ [96/115] Built Mathlib.Lean.PrettyPrinter.Delaborator (3.0s)
✔ [97/115] Built Batteries.Control.OptionT (2.0s)
✔ [98/115] Built Mathlib.Logic.Function.Defs (5.6s)
✔ [99/115] Built Mathlib.Tactic.Translate.GuessName (5.8s)
✔ [100/117] Built Mathlib.Tactic.FBinop (8.6s)
✔ [101/117] Built Mathlib.Logic.Nonempty (3.3s)
✔ [102/117] Built Mathlib.Logic.ExistsUnique (6.5s)
✔ [103/118] Built Batteries.Control.AlternativeMonad (4.4s)
✔ [104/118] Built Mathlib.Logic.Basic (12s)
✔ [105/118] Built Mathlib.Data.SProd (2.8s)
✔ [106/118] Built Mathlib.Tactic.Push.Attr (4.5s)
✔ [107/122] Built Mathlib.Data.List.Monad (2.7s)
✔ [108/122] Built Mathlib.Tactic.SetNotationForOrder (8.5s)
✔ [109/124] Built Mathlib.Logic.Nontrivial.Defs (2.5s)
✔ [110/126] Built Batteries.Tactic.Init (4.6s)
✔ [111/126] Built Mathlib.Tactic.ExtendDoc (3.1s)
✔ [112/126] Built Mathlib.Logic.IsEmpty.Defs (2.4s)
✔ [113/126] Built Mathlib.Tactic.Inhabit (1.9s)
✔ [116/133] Built Aesop.Script.Tactic (1.7s)
✔ [117/133] Built Aesop.Script.GoalWithMVars (1.7s)
✔ [118/137] Built Batteries.Lean.Meta.Basic (2.3s)
✔ [119/137] Built Aesop.Nanos (1.9s)
✔ [120/137] Built Aesop.Index.DiscrTreeConfig (1.5s)
✔ [121/139] Built Aesop.Script.TacticState (2.1s)
✔ [122/145] Built Batteries.Tactic.PermuteGoals (2.6s)
✔ [123/145] Built Batteries.Lean.MonadBacktrack (1.4s)
✔ [124/145] Built Batteries.Data.Array.Merge (6.2s)
✔ [125/148] Built Aesop.Check (2.1s)
✔ [126/148] Built Batteries.Lean.Meta.SavedState (1.6s)
✔ [127/149] Built Aesop.Util.UnorderedArraySet (2.4s)
✔ [128/149] Built Aesop.Rule.Name (3.3s)
✔ [129/150] Built Aesop.Options.Public (2.7s)
✔ [130/150] Built Aesop.Options.Internal (1.4s)
✔ [131/159] Built Aesop.Script.OptimizeSyntax (2.9s)
✔ [132/160] Built Aesop.Util.EqualUpToIds (13s)
✔ [133/160] Built Aesop.Forward.LevelIndex (1.5s)
✔ [134/166] Built Aesop.Forward.PremiseIndex (1.6s)
✔ [135/167] Built Mathlib.Tactic.Translate.Core (33s)
✔ [136/167] Built Aesop.Percent (1.5s)
✔ [137/168] Built Aesop.Forward.SlotIndex (1.7s)
✔ [138/168] Built Aesop.Util.Basic (10s)
✔ [139/168] Built Aesop.Util.UnionFind (2.2s)
✔ [140/178] Built Aesop.Script.Util (2.4s)
✔ [141/178] Built Batteries.Linter.UnreachableTactic (3.6s)
✔ [142/181] Built Mathlib.Tactic.Translate.TagUnfoldBoundary (4.0s)
✔ [143/185] Built Batteries.Lean.TagAttribute (1.2s)
✔ [144/185] Built Aesop.Forward.Substitution (5.1s)
✔ [145/185] Built Batteries.Tactic.SeqFocus (2.7s)
✔ [146/185] Built Aesop.RuleTac.RuleTerm (1.5s)
✔ [147/185] Built Aesop.Tracing (4.2s)
✔ [148/185] Built Batteries.Lean.AttributeExtra (1.8s)
✔ [149/187] Built Aesop.RulePattern.Cache (1.8s)
✔ [150/187] Built Aesop.Script.CtorNames (2.9s)
✔ [151/187] Built Mathlib.Tactic.Translate.ToDual (5.6s)
✔ [152/187] Built Aesop.Index.Basic (2.3s)
✔ [153/188] Built Aesop.ElabM (1.8s)
✔ [154/189] Built Aesop.Script.Step (4.5s)
✔ [155/189] Built Mathlib.Tactic.ToDual (3.0s)
✔ [156/190] Built Aesop.Stats.Basic (6.2s)
✔ [157/190] Built Batteries.Linter.UnnecessarySeqFocus (5.3s)
✔ [158/190] Built Aesop.Script.UScript (1.8s)
✔ [159/190] Built Aesop.RuleTac.ElabRuleTerm (2.9s)
✔ [160/190] Built Aesop.Script.SScript (2.3s)
✔ [161/193] Built Aesop.Util.Tactic.Ext (2.9s)
✔ [162/194] Built Batteries.Linter (1.4s)
✔ [163/194] Built Aesop.Util.Tactic (1.3s)
✔ [164/194] Built Aesop.BaseM (2.2s)
✔ [165/194] Built Aesop.Script.Check (2.0s)
✔ [166/197] Built Batteries.Tactic.Basic (1.8s)
✔ [167/197] Built Aesop.Util.Unfold (3.1s)
✔ [168/197] Built Aesop.Script.UScriptToSScript (5.0s)
✔ [169/197] Built Mathlib.Data.Set.Defs (6.8s)
✔ [170/197] Built Aesop.Script.ScriptM (1.9s)
✔ [171/197] Built Aesop.RuleTac.Forward.Basic (2.8s)
✔ [172/199] Built Batteries.Lean.Meta.UnusedNames (1.8s)
✔ [173/199] Built Batteries.Classes.Order (3.3s)
✔ [174/199] Built Aesop.RuleTac.GoalDiff (4.5s)
✔ [175/199] Built Aesop.Util.Tactic.Unfold (2.8s)
✔ [176/199] Built Aesop.RulePattern (6.3s)
✔ [177/199] Built Aesop.Script.StructureStatic (4.1s)
✔ [178/203] Built Mathlib.Control.Functor (4.1s)
✔ [179/203] Built Aesop.Constants (2.1s)
✔ [180/203] Built Mathlib.Order.Defs.Unbundled (5.9s)
✔ [181/203] Built Aesop.Script.StructureDynamic (7.0s)
✔ [182/203] Built Aesop.RuleTac.Basic (2.6s)
✔ [183/203] Built Batteries.Data.UInt (3.7s)
✔ [184/203] Built Aesop.EMap (4.7s)
✔ [185/203] Built Mathlib.Data.List.Defs (8.6s)
✔ [186/204] Built Aesop.Script.Main (4.1s)
✔ [187/208] Built Aesop.Util.OrderedHashSet (2.0s)
✔ [188/209] Built Aesop.Script.SpecificTactics (13s)
✔ [189/211] Built Batteries.Lean.Meta.Expr (1.6s)
✔ [190/212] Built Batteries.Lean.PersistentHashMap (1.4s)
✔ [191/212] Built Batteries.Lean.Meta.InstantiateMVars (1.6s)
✔ [192/214] Built Mathlib.Logic.Function.Basic (13s)
✔ [193/216] Built Batteries.Lean.PersistentHashSet (1.4s)
✔ [194/220] Built Batteries.Lean.Meta.DiscrTree (1.4s)
✔ [195/222] Built Aesop.RuleSet.Name (1.1s)
✔ [196/226] Built Mathlib.Logic.Unique (3.8s)
✔ [197/226] Built Aesop.RuleSet.Filter (2.3s)
✔ [198/227] Built Aesop.Index.RulePattern (4.1s)
✔ [199/230] Built Batteries.Lean.HashSet (1.7s)
✔ [200/231] Built Aesop.RuleTac.Apply (3.2s)
✔ [201/232] Built Aesop.RuleTac.Preprocess (1.6s)
✔ [202/234] Built Aesop.RuleTac.Cases (3.5s)
✔ [203/240] Built Aesop.Search.Expansion.Basic (1.0s)
✔ [204/248] Built Aesop.RuleTac.Tactic (2.9s)
✔ [205/250] Built Batteries.Data.Array.Basic (16s)
✔ [206/253] Built Aesop.Exception (1.6s)
✔ [207/265] Built Aesop.Search.Expansion.Simp (2.3s)
✔ [208/267] Built Batteries.Lean.Expr (2.2s)
✔ [209/267] Built Aesop.Stats.Extension (1.9s)
✔ [210/269] Built Aesop.Frontend.Basic (1.4s)
✔ [211/284] Built Aesop.Stats.File (2.2s)
✔ [212/284] Built Aesop.Forward.RuleInfo (4.9s)
✔ [215/288] Built Aesop.Stats.Report (3.3s)
✔ [216/289] Built Aesop.Rule.Forward (2.5s)
✔ [217/290] Built Qq.ForLean.ReduceEval (3.1s)
✔ [218/293] Built Qq.ForLean.ToExpr (2.3s)
✔ [219/295] Built Qq.Typ (2.1s)
✔ [220/296] Built Aesop.Forward.Match.Types (2.7s)
✔ [221/300] Built Qq.ForLean.Do (2.3s)
✔ [222/300] Built Qq.SortLocalDecls (2.7s)
✔ [223/300] Built Aesop.RuleTac.Descr (2.1s)
✔ [224/300] Built Aesop.Index.Forward (3.1s)
✔ [227/302] Built Aesop.Rule.Basic (1.9s)
✔ [228/303] Built Plausible.Random (3.5s)
✔ [229/306] Built Aesop.Rule (2.9s)
✔ [230/306] Built Aesop.Index (4.0s)
✔ [231/307] Built Plausible.Shrinkable (1.7s)
✔ [232/307] Built Batteries.Data.BinomialHeap.Basic (25s)
✔ [233/307] Built Plausible.Gen (3.8s)
✔ [234/309] Built Aesop.RuleSet.Member (2.3s)
✔ [235/309] Built Aesop.Tree.UnsafeQueue (2.0s)
✔ [236/311] Built Aesop.Forward.Match (6.5s)
✔ [237/311] Built Aesop.Builder.Basic (2.4s)
✔ [238/311] Built Plausible.Arbitrary (2.7s)
✔ [239/311] Built Plausible.Attr (1.2s)
✔ [240/311] Built Aesop.Builder.Unfold (2.1s)
✔ [241/311] Built Aesop.Builder.Apply (2.0s)
✔ [242/311] Built Qq.Macro (22s)
✔ [243/311] Built Aesop.Builder.Tactic (2.3s)
✔ [244/311] Built Aesop.Builder.NormSimp (2.0s)
✔ [245/311] Built Aesop.Builder.Constructors (1.9s)
✔ [246/311] Built Aesop.Builder.Forward (6.1s)
✔ [247/314] Built Aesop.Builder.Cases (1.0s)
✔ [248/314] Built Aesop.Tree.Data.ForwardRuleMatches (2.0s)
✔ [249/314] Built Plausible.ArbitraryFueled (1.3s)
✔ [250/314] Built Plausible.Sampleable (3.3s)
✔ [251/314] Built Qq.Commands (4.8s)
✔ [252/314] Built Aesop.RuleTac.Forward (7.8s)
✔ [253/315] Built Aesop.Builder.Default (1.0s)
✔ [254/315] Built Qq.Delab (5.5s)
✔ [255/315] Built Batteries.Tactic.Case (6.3s)
✔ [256/315] Built Plausible.DeriveShrinkable (8.2s)
✔ [257/315] Built Plausible.Functions (2.7s)
✔ [258/315] Built Plausible.DeriveArbitrary (7.4s)
✔ [259/315] Built Aesop.RuleSet (14s)
✔ [260/315] Built Aesop.RuleTac (2.0s)
✔ [261/316] Built Plausible.Testable (8.6s)
✔ [262/317] Built Aesop.Forward.State (28s)
✔ [263/317] Built Qq.MetaM (3.0s)
✔ [264/317] Built Aesop.Frontend.Extension.Init (2.1s)
✔ [265/318] Built Plausible.Tactic (3.3s)
✔ [266/318] Built Batteries.CodeAction.Attr (3.3s)
✔ [267/318] Built Aesop.Frontend.RuleExpr (11s)
✔ [268/318] Built Aesop.Forward.State.ApplyGoalDiff (2.6s)
✔ [269/318] Built Batteries.Tactic.GeneralizeProofs (13s)
✔ [270/318] Built Aesop.Forward.State.Initial (2.4s)
✔ [271/322] Built Aesop.Tree.Data (7.1s)
✔ [272/322] Built Qq.Simp (1.0s)
✔ [273/322] Built Qq.MatchImpl (2.1s)
✔ [274/322] Built Qq.AssertInstancesCommute (4.3s)
✔ [276/322] Built Plausible (1.3s)
✔ [277/322] Built Aesop.Frontend.Extension (2.5s)
✔ [278/322] Built Batteries.CodeAction.Basic (3.6s)
✔ [279/322] Built Aesop.Tree.TreeM (3.3s)
✔ [280/322] Built Aesop.Tree.Traversal (2.5s)
✔ [281/322] Built Aesop.Tree.RunMetaM (2.4s)
✔ [282/322] Built Aesop.Search.Queue.Class (1.6s)
✔ [284/322] Built Batteries.CodeAction.Misc (10s)
✔ [285/322] Built Aesop.Frontend.Tactic (5.7s)
✔ [286/322] Built Aesop.Frontend.Command (5.9s)
✔ [287/322] Built Aesop.Frontend.Attribute (3.5s)
✔ [288/322] Built Aesop.Tree.Free (2.6s)
✔ [289/322] Built Aesop.Saturate (18s)
✔ [290/322] Built Aesop.Tree.ExtractProof (5.6s)
✔ [291/322] Built Aesop.Tree.ExtractScript (7.0s)
✔ [292/322] Built Aesop.Tree.Stats (2.3s)
✔ [293/322] Built Aesop.Tree.AddRapp (8.2s)
✔ [294/322] Built Aesop.Tree.State (2.8s)
✔ [295/322] Built Qq.Match (20s)
✔ [296/323] Built Aesop.Forward.State.UpdateGoal (2.0s)
✔ [297/323] Built Aesop.Search.Queue (2.8s)
✔ [298/323] Built Aesop.Search.SearchM (3.2s)
✔ [299/323] Built Aesop.BuiltinRules.Subst (2.9s)
✔ [300/323] Built Aesop.Tree.Tracing (6.2s)
✔ [301/323] Built Batteries.CodeAction.Match (5.2s)
✔ [302/323] Built Aesop.BuiltinRules.Split (2.6s)
✔ [303/323] Built Aesop.BuiltinRules.Rfl (2.6s)
✔ [304/323] Built Aesop.BuiltinRules.Intros (2.7s)
✔ [305/323] Built Aesop.BuiltinRules.Ext (3.6s)
✔ [306/323] Built Aesop.BuiltinRules.DestructProducts (3.0s)
✔ [307/324] Built Aesop.BuiltinRules.ApplyHyps (2.8s)
✔ [308/324] Built Aesop.BuiltinRules.Assumption (3.5s)
✔ [309/326] Built Qq (2.6s)
✔ [310/326] Built LeanSearchClient.Basic (1.0s)
✔ [311/326] Built Aesop.Frontend.Saturate (5.5s)
✔ [312/327] Built Aesop.Tree.Check (5.7s)
✔ [313/327] Built Batteries.CodeAction (1.8s)
✔ [314/327] Built Aesop.BuiltinRules (1.0s)
✔ [315/330] Built Aesop.Search.RuleSelection (3.1s)
✔ [316/330] Built Aesop.Frontend (2.1s)
✔ [317/330] Built Mathlib.Tactic.ApplyCongr (3.2s)
✔ [318/331] Built Mathlib.Lean.Meta.Basic (3.0s)
✔ [319/332] Built Mathlib.Tactic.ApplyWith (3.3s)
✔ [320/332] Built LeanSearchClient.Syntax (8.1s)
✔ [321/336] Built Mathlib.Tactic.ApplyAt (2.8s)
✔ [322/337] Built Mathlib.Tactic.PPWithUniv (3.3s)
✔ [323/338] Built LeanSearchClient.LoogleSyntax (5.8s)
✔ [324/339] Built Mathlib.Util.AtLocation (3.6s)
✔ [325/339] Built Mathlib.Tactic.Conv (5.8s)
✔ [326/340] Built Aesop.Search.Expansion.Norm (14s)
✔ [327/341] Built LeanSearchClient (1.5s)
✔ [328/341] Built Mathlib.Tactic.Basic (5.5s)
✔ [329/341] Built Mathlib.Tactic.CasesM (4.5s)
✔ [330/342] Built Mathlib.Tactic.Check (5.4s)
✔ [331/343] Built Mathlib.Tactic.ClearExclamation (2.5s)
✔ [332/343] Built Mathlib.Tactic.ClearExcept (2.5s)
✔ [333/351] Built Mathlib.Tactic.Choose (6.9s)
✔ [334/355] Built Mathlib.Tactic.Push (11s)
✔ [343/358] Built Aesop.Search.Expansion (9.0s)
✔ [344/358] Built Mathlib.Tactic.Clear_ (2.2s)
✔ [345/358] Built ProofWidgets.Compat (1.5s)
✔ [346/358] Built Mathlib.Tactic.ByContra (3.2s)
✔ [347/360] Built ProofWidgets.Util (2.3s)
✔ [348/361] Built Mathlib.Tactic.ByCases (2.0s)
✔ [349/366] Built Aesop.Search.ExpandSafePrefix (4.4s)
✔ [350/366] Built Batteries.Lean.Except (1.7s)
✔ [351/367] Built Batteries.Tactic.Exact (2.0s)
✔ [352/368] Built ProofWidgets.Component.Basic (3.0s)
✔ [353/370] Built Mathlib.Tactic.GCongr.ForwardAttr (2.7s)
✔ [354/370] Built Mathlib.Tactic.SimpRw (4.2s)
✔ [355/370] Built Mathlib.Tactic.Core (5.4s)
✔ [356/370] Built ProofWidgets.Component.Panel.Basic (2.9s)
✔ [357/372] Built ProofWidgets.Component.MakeEditLink (2.5s)
✔ [358/372] Built Mathlib.Tactic.NthRewrite (2.8s)
✔ [359/376] Built Aesop.Search.Main (11s)
✔ [360/376] Built Aesop.Main (4.6s)
✔ [361/377] Built ProofWidgets.Data.Html (13s)
✔ [362/378] Built Mathlib.Control.Combinators (1.9s)
✔ [363/378] Built Mathlib.Tactic.Attr.Core (1.0s)
✔ [364/378] Built Aesop (1.9s)
✔ [365/380] Built ProofWidgets.Component.FilterDetails (2.6s)
✔ [366/380] Built ProofWidgets.Component.RefreshComponent (5.0s)
✔ [367/387] Built Mathlib.Control.Basic (4.2s)
✔ [368/390] Built Mathlib.Tactic.DepRewrite (17s)
✔ [369/391] Built Mathlib.Tactic.Widget.SelectInsertParamsClass (3.1s)
✔ [370/391] Built Mathlib.Lean.FoldEnvironment (3.6s)
✔ [371/391] Built Mathlib.Lean.GoalsLocation (2.2s)
✔ [372/394] Built Mathlib.Lean.Meta.RefinedDiscrTree.Basic (5.6s)
✔ [373/394] Built Mathlib.Tactic.Widget.SelectPanelUtils (3.8s)
✔ [374/394] Built Mathlib.Tactic.GCongr.Core (22s)
✔ [375/397] Built Mathlib.Lean.Meta.KAbstractPositions (2.0s)
✔ [376/398] Built ProofWidgets.Cancellable (3.7s)
✔ [377/398] Built Mathlib.Lean.Meta.RefinedDiscrTree.Encode (4.8s)
✔ [378/398] Built Mathlib.Lean.Meta.RefinedDiscrTree.Initialize (7.0s)
✔ [379/400] Built Mathlib.Lean.Name (3.1s)
✔ [380/402] Built ProofWidgets.Component.OfRpcMethod (3.7s)
✔ [381/402] Built Mathlib.Tactic.Coe (3.1s)
✔ [382/403] Built Mathlib.Lean.Meta.RefinedDiscrTree.Lookup (6.8s)
✔ [383/404] Built Mathlib.Lean.Meta.CongrTheorems (6.9s)
✔ [384/405] Built Mathlib.Lean.Meta.RefinedDiscrTree (2.4s)
✔ [385/405] Built Mathlib.Tactic.Constructor (2.6s)
✔ [386/405] Built Mathlib.Tactic.Widget.Conv (10s)
✔ [387/407] Built Mathlib.Tactic.GRewrite.Core (18s)
✔ [388/408] Built Mathlib.Tactic.Contrapose (5.4s)
✔ [389/409] Built Mathlib.Lean.MessageData.Trace (3.0s)
✔ [390/410] Built Mathlib.Tactic.GRewrite.Elab (9.0s)
✔ [391/410] Built Mathlib.Tactic.TermCongr (13s)
✔ [392/411] Built Mathlib.Tactic.CongrExclamation (12s)
✔ [393/411] Built Mathlib.Tactic.GRewrite (2.8s)
✔ [394/412] Built Mathlib.Tactic.DefEqTransformations (7.3s)
✔ [395/412] Built Mathlib.Tactic.DeprecateTo (5.5s)
✔ [396/412] Built Mathlib.Tactic.DSimpPercent (2.8s)
✔ [397/413] Built Mathlib.Tactic.DefEqAbuse (7.0s)
✔ [398/413] Built Mathlib.Tactic.CongrM (3.0s)
✔ [399/413] Built Mathlib.Tactic.ExistsI (2.6s)
✔ [400/415] Built Mathlib.Tactic.ErwQuestion (5.2s)
✔ [401/416] Built Batteries.Util.Cache (2.5s)
✔ [402/416] Built Mathlib.Tactic.Convert (10s)
✔ [403/419] Built Mathlib.Tactic.FailIfNoProgress (5.2s)
✔ [404/419] Built Mathlib.Tactic.Find (4.1s)
✔ [405/426] Built Mathlib.Tactic.FunProp.Mor (3.0s)
✔ [406/430] Built Mathlib.Tactic.ClickSuggestions.Util (13s)
✔ [407/430] Built Mathlib.Tactic.FunProp.Decl (5.0s)
✔ [408/431] Built Mathlib.Tactic.GCongr.CoreAttrs (2.2s)
✔ [409/432] Built Mathlib.Tactic.ClickSuggestions.Unfold (4.1s)
✔ [410/433] Built Mathlib.Tactic.ClickSuggestions.SectionState (4.2s)
✔ [411/434] Built Mathlib.Tactic.FunProp.ToBatteries (7.1s)
✔ [412/434] Built Batteries.Data.MLList.Basic (5.0s)
✔ [413/434] Built Mathlib.Tactic.GuardGoalNums (2.4s)
✔ [414/434] Built Mathlib.Tactic.GrindAttrs (3.6s)
✔ [415/434] Built Mathlib.Tactic.ClickSuggestions.ApplyAt (4.2s)
✔ [416/435] Built Mathlib.Tactic.ClickSuggestions.Apply (5.1s)
✔ [417/435] Built Mathlib.Tactic.GuardHypNums (2.6s)
✔ [418/435] Built Mathlib.Tactic.ClickSuggestions.Rewrite (6.3s)
✔ [419/435] Built Mathlib.Tactic.ClickSuggestions.GRewrite (7.9s)
✔ [420/438] Built Mathlib.Tactic.HigherOrder (4.0s)
✔ [421/438] Built Batteries.Control.Nondet.Basic (2.7s)
✔ [422/438] Built Mathlib.Tactic.FunProp.FunctionData (5.3s)
✔ [423/439] Built Mathlib.Tactic.InferParam (2.6s)
✔ [424/439] Built Mathlib.Util.TermReduce (3.8s)
✔ [425/440] Built Mathlib.Tactic.Hint (4.1s)
✔ [426/440] Built Mathlib.Tactic.Lift (4.8s)
✔ [427/441] Built Mathlib.Tactic.ClickSuggestions.FindPremises (6.3s)
✔ [428/441] Built Mathlib.Tactic.FunProp.Types (3.8s)
✔ [429/443] Built Mathlib.Tactic.Linter.HaveLetLinter (3.4s)
✔ [430/443] Built Mathlib.Tactic.GCongr (2.9s)
✔ [431/443] Built Mathlib.Tactic.Linter.PPRoundtrip (3.4s)
✔ [432/443] Built Mathlib.Tactic.IrreducibleDef (7.2s)
✔ [433/446] Built Mathlib.Tactic.Linter.MinImports (5.3s)
✔ [434/447] Built Mathlib.Tactic.Linter.UpstreamableDecl (3.3s)
✔ [435/447] Built Mathlib.Lean.Meta (3.4s)
✔ [436/448] Built Mathlib.Tactic.ClickSuggestions.TryPremises (8.7s)
✔ [437/449] Built Mathlib.Tactic.Linter (2.0s)
✔ [438/449] Built Mathlib.Tactic.FunProp.Theorems (6.8s)
✔ [439/449] Built Mathlib.Tactic.OfNat (2.5s)
✔ [440/450] Built Mathlib.Tactic.Observe (4.1s)
✔ [441/451] Built Mathlib.Tactic.RSuffices (3.1s)
✔ [442/451] Built Mathlib.Tactic.Recover (4.3s)
✔ [443/451] Built Mathlib.Tactic.ClickSuggestions (6.2s)
✔ [444/451] Built Mathlib.Tactic.FunProp.Attr (2.9s)
✔ [445/454] Built Mathlib.Tactic.MkIffOfInductiveProp (7.3s)
✔ [446/454] Built Mathlib.Tactic.Relation.Rfl (2.5s)
✔ [447/457] Built Mathlib.Util.Tactic (2.2s)
✔ [448/457] Built Mathlib.Tactic.Rename (2.9s)
✔ [449/458] Built Mathlib.Util.WithWeakNamespace (2.7s)
✔ [450/458] Built Mathlib.Tactic.RenameBVar (3.4s)
✔ [451/459] Built Mathlib.Tactic.Says (6.0s)
✔ [452/459] Built Mathlib.Tactic.Set (5.3s)
✔ [453/462] Built Mathlib.Tactic.SimpIntro (3.9s)
✔ [454/463] Built Mathlib.Tactic.ScopedNS (9.6s)
✔ [455/464] Built Mathlib.Tactic.Simps.NotationClass (4.5s)
✔ [456/465] Built Mathlib.Tactic.FunProp.Core (21s)
✔ [457/465] Built Mathlib.Tactic.Simproc.ExistsAndEq (9.3s)
✔ [458/465] Built Mathlib.Tactic.SplitIfs (4.7s)
✔ [459/466] Built Mathlib.Tactic.Spread (4.2s)
✔ [460/467] Built Mathlib.Tactic.Substs (3.0s)
✔ [461/468] Built Mathlib.Tactic.Subsingleton (5.6s)
✔ [462/469] Built Mathlib.Tactic.FunProp.Elab (6.1s)
✔ [463/469] Built Mathlib.Tactic.SuccessIfFailWithMsg (3.5s)
✔ [464/470] Built Mathlib.Tactic.SudoSetOption (3.1s)
✔ [465/471] Built Mathlib.Tactic.SwapVar (2.9s)
✔ [466/472] Built Mathlib.Tactic.FunProp (2.4s)
✔ [467/473] Built Mathlib.Tactic.ToLevel (2.0s)
✔ [468/474] Built Mathlib.Tactic.ToFun (3.8s)
✔ [469/475] Built Mathlib.Tactic.Trace (3.1s)
✔ [470/476] Built Mathlib.Tactic.UnsetOption (3.1s)
✔ [471/476] Built Mathlib.Tactic.Tauto (10s)
✔ [472/478] Built Mathlib.Tactic.Use (6.0s)
✔ [473/479] Built Mathlib.Tactic.Simps.Basic (22s)
✔ [474/480] Built Mathlib.Tactic.Widget.CongrM (3.0s)
✔ [475/481] Built Mathlib.Tactic.Variable (9.7s)
✔ [476/482] Built Mathlib.Tactic.Widget.Calc (9.0s)
✔ [477/484] Built Mathlib.Tactic.WLOG (5.0s)
✔ [478/484] Built Mathlib.Util.PrintSorries (4.4s)
✔ [479/486] Built Mathlib.Util.TransImports (3.1s)
✔ [480/489] Built Mathlib.Util.CountHeartbeats (7.2s)
✔ [481/490] Built Mathlib.Logic.Relator (3.4s)
✔ [482/497] Built Mathlib.Data.Subtype (3.8s)
✔ [483/497] Built Mathlib.Util.WhatsNew (4.6s)
✔ [484/501] Built Mathlib.Tactic.Widget.LibraryRewrite (15s)
✔ [485/501] Built Batteries.Data.Nat.Basic (1.9s)
✔ [486/501] Built Mathlib.Order.Defs.Prop (2.0s)
✔ [487/501] Built Mathlib.Data.Int.Notation (2.3s)
✔ [488/501] Built Mathlib.Tactic.Common (3.2s)
✔ [489/504] Built Mathlib.Data.Ordering.Basic (2.5s)
✔ [490/504] Built Batteries.Data.Nat.Lemmas (3.6s)
✔ [491/504] Built Mathlib.Order.Defs.PartialOrder (6.1s)
✔ [492/505] Built Mathlib.Data.List.InsertIdx (5.8s)
✔ [493/505] Built Mathlib.Lean.Elab.Term (3.1s)
✔ [494/506] Built Mathlib.Logic.Relation (13s)
✔ [495/506] Built Mathlib.Data.Set.CoeSort (4.6s)
✔ [496/508] Built Mathlib.Data.Nat.Init (12s)
✔ [497/508] Built Mathlib.Order.Defs.LinearOrder (13s)
✔ [498/510] Built Mathlib.Order.Notation (9.5s)
✔ [499/510] Built Mathlib.Tactic.CrossRefAttribute (8.9s)
✔ [500/513] Built Mathlib.Data.Nat.Basic (4.6s)
✔ [501/513] Built Mathlib.Logic.Function.Conjugate (4.4s)
✔ [502/514] Built Mathlib.Data.List.Basic (32s)
✔ [503/514] Built Mathlib.Logic.Function.Iterate (5.0s)
✔ [504/514] Built Mathlib.Data.Set.Operations (9.5s)
✔ [505/514] Built Mathlib.Tactic.FastInstance (9.1s)
✔ [506/522] Built Mathlib.Logic.IsEmpty.Basic (4.4s)
✔ [507/522] Built Mathlib.Data.List.Forall2 (11s)
✔ [508/522] Built Mathlib.Data.FunLike.Basic (4.4s)
✔ [509/522] Built Mathlib.Tactic.Monotonicity.Attr (2.3s)
✔ [510/522] Built Mathlib.Data.FunLike.Embedding (3.0s)
✔ [511/523] Built Mathlib.Data.List.Perm.Basic (8.8s)
✔ [512/523] Built Mathlib.Data.FunLike.Equiv (4.6s)
✔ [513/526] Built Mathlib.Util.Notation3 (43s)
✔ [514/526] Built Mathlib.Data.List.Perm.Subperm (4.9s)
✔ [515/526] Built Batteries.Tactic.Congr (5.2s)
✔ [516/526] Built Mathlib.Order.Basic (25s)
✔ [517/526] Built Mathlib.Data.Option.Defs (2.0s)
✔ [518/526] Built Mathlib.Data.Quot (10s)
✔ [519/531] Built Mathlib.Data.Prod.Basic (8.8s)
✔ [520/531] Built Mathlib.Data.Option.Basic (7.9s)
✔ [521/533] Built Mathlib.Logic.Function.ULift (3.4s)
✔ [522/533] Built Mathlib.Tactic.Finiteness.Attr (3.3s)
✔ [523/533] Built Mathlib.Order.Monotone.Defs (14s)
✔ [524/544] Built Mathlib.Order.ULift (6.4s)
✔ [525/557] Built Mathlib.Data.Bool.Basic (7.1s)
✔ [526/564] Built Mathlib.Logic.Pairwise (5.3s)
✔ [527/566] Built Mathlib.Data.Int.Order.Basic (6.4s)
✔ [528/571] Built Mathlib.Data.Sigma.Basic (7.1s)
✔ [529/574] Built Mathlib.Data.Sum.Basic (7.5s)
✔ [530/577] Built Mathlib.Logic.Equiv.Defs (22s)
✔ [531/580] Built Mathlib.Tactic.SetLike (3.0s)
✔ [532/580] Built Mathlib.Data.Prod.PProd (2.7s)
✔ [533/580] Built Mathlib.Control.EquivFunctor (3.8s)
✔ [534/580] Built Mathlib.Order.OrderDual (8.5s)
✔ [535/580] Built Mathlib.Data.List.Count (7.6s)
✔ [536/580] Built Mathlib.Order.Compare (5.2s)
✔ [537/580] Built Mathlib.Data.List.Nodup (17s)
✔ [538/581] Built Mathlib.Logic.Equiv.Option (8.2s)
✔ [539/584] Built Mathlib.Data.Finset.Attr (2.2s)
✔ [540/584] Built Mathlib.Order.Max (7.6s)
✔ [541/584] Built Mathlib.Order.RelClasses (9.8s)
✔ [542/586] Built Batteries.Data.List.Pairwise (3.6s)
✔ [543/586] Built Mathlib.Data.List.Lattice (10s)
✔ [544/587] Built Mathlib.Order.BoundedOrder.Basic (12s)
✔ [545/590] Built Mathlib.Data.Multiset.Defs (9.7s)
✔ [546/592] Built Mathlib.Order.Monotone.Basic (13s)
✔ [547/592] Built Mathlib.Data.List.Dedup (5.6s)
✔ [548/593] Built Mathlib.Logic.Equiv.Prod (53s)
✔ [549/593] Built Mathlib.Data.List.TakeDrop (15s)
✔ [550/593] Built Mathlib.Data.Multiset.ZeroCons (14s)
✔ [551/593] Built Mathlib.Order.GaloisConnection.Defs (10s)
✔ [552/596] Built Mathlib.Data.List.Perm.Lattice (6.1s)
✔ [553/596] Built Mathlib.Data.Multiset.Basic (6.5s)
✔ [554/600] Built Mathlib.Logic.Equiv.Sum (8.8s)
✔ [555/601] Built Mathlib.Data.Multiset.Count (9.0s)
✔ [556/602] Built Mathlib.Data.List.Induction (11s)
✔ [557/602] Built Mathlib.Util.PPOptions (2.9s)
✔ [558/603] Built Mathlib.Order.Lattice (32s)
✔ [559/605] Built Mathlib.Data.List.Infix (12s)
✔ [560/605] Built Mathlib.Data.Multiset.AddSub (13s)
✔ [561/605] Built Mathlib.Logic.Equiv.Basic (25s)
✔ [562/607] Built Mathlib.Order.BoundedOrder.Lattice (4.5s)
✔ [563/607] Built Mathlib.Order.Interval.Set.Defs (4.3s)
✔ [564/608] Built Mathlib.Order.MinMax (7.4s)
✔ [565/612] Built Mathlib.Data.Multiset.Replicate (5.7s)
✔ [566/616] Built Mathlib.Algebra.NeZero (3.6s)
✔ [567/618] Built Mathlib.Logic.Embedding.Basic (10s)
✔ [568/618] Built Mathlib.Data.Finite.Defs (4.5s)
✔ [569/623] Built Mathlib.Util.Delaborators (20s)
✔ [570/625] Built Mathlib.Order.Disjoint (13s)
✔ [571/627] Built Mathlib.Order.Lex (4.9s)
✔ [572/628] Built Mathlib.Tactic.Translate.ToAdditive (5.8s)
✔ [573/628] Built Mathlib.Order.PropInstances (4.7s)
✔ [574/628] Built Mathlib.Data.Nat.BinaryRec (5.6s)
✔ [575/628] Built Mathlib.Tactic.ToAdditive (3.5s)
✔ [576/628] Built Mathlib.Algebra.Notation.Defs (7.4s)
✔ [577/628] Built Mathlib.Order.RelIso.Basic (20s)
✔ [578/628] Built Mathlib.Algebra.Notation.Pi.Defs (6.1s)
✔ [579/631] Built Mathlib.Algebra.Regular.Defs (3.9s)
✔ [580/631] Built Mathlib.Data.Set.Basic (17s)
✔ [581/631] Built Mathlib.Data.Int.Init (10s)
✔ [582/631] Built Mathlib.Order.Heyting.Basic (37s)
✔ [583/631] Built Mathlib.Data.SetLike.Basic (8.3s)
✔ [584/640] Built Mathlib.Data.Set.Inclusion (4.5s)
✔ [585/640] Built Mathlib.Data.Set.Disjoint (5.4s)
✔ [586/641] Built Mathlib.Order.BooleanAlgebra.Defs (5.0s)
✔ [587/641] Built Mathlib.Algebra.Group.Defs (27s)
✔ [588/641] Built Mathlib.Algebra.Notation.Prod (5.1s)
✔ [589/641] Built Mathlib.Order.Hom.Basic (33s)
✔ [590/641] Built Mathlib.Algebra.Group.Nat.Defs (6.2s)
✔ [591/641] Built Mathlib.Data.Set.Insert (20s)
✔ [592/643] Built Mathlib.Order.BooleanAlgebra.Basic (22s)
✔ [593/643] Built Mathlib.Algebra.Order.ZeroLEOne (4.1s)
✔ [594/643] Built Mathlib.Data.Set.Subsingleton (8.7s)
✔ [595/643] Built Mathlib.Order.BooleanAlgebra.Set (18s)
✔ [596/643] Built Mathlib.Algebra.Group.Basic (42s)
✔ [597/643] Built Mathlib.Algebra.Group.Hom.Defs (35s)
✔ [598/646] Built Mathlib.Data.Bool.Set (5.0s)
✔ [599/646] Built Mathlib.Order.SymmDiff (17s)
✔ [600/648] Built Mathlib.Algebra.Order.IsBotOne (6.0s)
✔ [601/649] Built Mathlib.Control.ULift (4.2s)
✔ [602/649] Built Mathlib.Data.Set.SymmDiff (5.2s)
✔ [603/652] Built Mathlib.Algebra.Order.Monoid.Unbundled.Defs (9.9s)
✔ [604/652] Built Mathlib.Order.Bounds.Defs (4.2s)
✔ [605/652] Built Mathlib.Data.ULift (4.7s)
✔ [606/652] Built Mathlib.Order.BoundedOrder.Monotone (5.1s)
✔ [607/654] Built Mathlib.Order.Antisymmetrization (11s)
✔ [608/658] Built Mathlib.Data.Set.Image (40s)
✔ [609/658] Built Mathlib.Order.SetNotation (34s)
✔ [610/658] Built Mathlib.Algebra.Order.Monoid.Unbundled.Basic (38s)
✔ [611/658] Built Mathlib.Order.Interval.Set.Basic (37s)
✔ [612/658] Built Mathlib.Data.Nat.Set (3.5s)
✔ [613/658] Built Mathlib.Data.Set.List (4.6s)
✔ [614/658] Built Mathlib.Order.Directed (10s)
✔ [615/658] Built Mathlib.Data.Set.Restrict (9.6s)
✔ [616/660] Built Mathlib.Algebra.Order.Sub.Defs (10s)
✔ [617/660] Built Mathlib.Algebra.Order.Monoid.Unbundled.ExistsOfLE (9.9s)
✔ [618/665] Built Mathlib.Logic.Nontrivial.Basic (7.5s)
✔ [619/665] Built Mathlib.Data.Multiset.MapFold (21s)
✔ [620/668] Built Mathlib.Order.TypeTags (6.4s)
✔ [621/668] Built Mathlib.Data.Option.NAry (7.3s)
✔ [622/668] Built Mathlib.Data.Set.Prod (38s)
✔ [623/671] Built Mathlib.Order.Hom.Bounded (20s)
✔ [624/672] Built Mathlib.Order.Bounds.Basic (38s)
✔ [625/672] Built Mathlib.Order.Hom.Lattice (17s)
✔ [626/672] Built Mathlib.Data.Nat.Find (9.3s)
✔ [627/672] Built Mathlib.Data.Set.NAry (13s)
✔ [628/672] Built Mathlib.Order.CompleteLattice.Defs (14s)
✔ [629/672] Built Mathlib.Order.Nat (4.3s)
✔ [630/672] Built Mathlib.Data.Set.Function (31s)
✔ [631/672] Built Mathlib.Order.Hom.BoundedLattice (26s)
✔ [632/672] Built Mathlib.Data.Multiset.Filter (12s)
✔ [633/672] Built Mathlib.Order.Bounds.Image (15s)
✔ [634/672] Built Mathlib.Order.WellFounded (10s)
✔ [635/675] Built Mathlib.Order.WithBot (72s)
✔ [636/676] Built Mathlib.Data.Set.Pairwise.Basic (13s)
✔ [637/676] Built Mathlib.Logic.Equiv.Set (18s)
✔ [638/679] Built Mathlib.Data.Multiset.UnionInter (13s)
✔ [639/680] Built Mathlib.Algebra.Group.Semiconj.Defs (5.0s)
✔ [640/680] Built Mathlib.Algebra.Group.Torsion (6.0s)
✔ [641/680] Built Mathlib.Data.Finset.Defs (10s)
✔ [642/680] Built Mathlib.Algebra.Group.InjSurj (14s)
✔ [643/682] Built Mathlib.Data.Multiset.Range (5.7s)
✔ [644/682] Built Mathlib.Data.Multiset.Dedup (5.7s)
✔ [645/682] Built Mathlib.Algebra.Group.Commute.Defs (5.2s)
✔ [646/682] Built Mathlib.Order.Hom.Set (17s)
✔ [647/682] Built Mathlib.Algebra.Opposites (7.7s)
✔ [648/682] Built Mathlib.Algebra.BigOperators.Group.List.Defs (4.2s)
✔ [649/682] Built Mathlib.Data.Finset.Erase (4.0s)
✔ [650/682] Built Mathlib.Algebra.Group.Int.Defs (3.4s)
✔ [651/682] Built Mathlib.Data.Finset.Attach (4.0s)
✔ [652/685] Built Mathlib.Data.Finset.Empty (6.4s)
✔ [653/685] Built Mathlib.Data.Finset.Dedup (5.4s)
✔ [654/686] Built Mathlib.Data.Multiset.Fold (6.8s)
✔ [655/686] Built Mathlib.Data.Multiset.FinsetOps (8.7s)
✔ [656/687] Built Mathlib.Data.Finset.Filter (9.2s)
✔ [657/687] Built Mathlib.Algebra.Group.Opposite (12s)
✔ [658/687] Built Mathlib.Algebra.Order.Group.Multiset (8.5s)
✔ [659/687] Built Mathlib.Data.List.Flatten (7.0s)
✔ [660/687] Built Mathlib.Algebra.Group.Units.Defs (21s)
✔ [661/687] Built Mathlib.Data.Finset.Lattice.Basic (9.8s)
✔ [662/687] Built Mathlib.Data.Multiset.Lattice (7.4s)
✔ [663/687] Built Mathlib.Order.CompleteLattice.Basic (36s)
✔ [664/687] Built Mathlib.Data.Finset.Insert (14s)
✔ [665/690] Built Mathlib.Data.Multiset.Sum (4.9s)
✔ [666/690] Built Mathlib.Algebra.Divisibility.Basic (6.9s)
✔ [667/690] Built Mathlib.Data.Fintype.Defs (12s)
✔ [668/691] Built Mathlib.Algebra.Group.Nat.Units (2.8s)
✔ [669/691] Built Mathlib.Data.List.Pairwise (9.5s)
✔ [670/691] Built Mathlib.Data.Finset.Lattice.Lemmas (5.9s)
✔ [671/691] Built Mathlib.Order.CompleteLattice.Lemmas (7.9s)
✔ [672/691] Built Mathlib.Data.Finset.SDiff (8.5s)
✔ [673/693] Built Mathlib.Order.GaloisConnection.Basic (13s)
✔ [674/693] Built Mathlib.Data.Finset.Range (6.9s)
✔ [675/693] Built Mathlib.Data.Finset.Disjoint (6.3s)
✔ [676/694] Built Mathlib.Data.List.Lex (6.0s)
✔ [677/694] Built Mathlib.Algebra.Group.Int.Units (4.4s)
✔ [678/694] Built Mathlib.Data.List.ProdSigma (5.2s)
✔ [679/694] Built Mathlib.Data.List.Rotate (10s)
✔ [680/694] Built Mathlib.Algebra.BigOperators.Group.List.Basic (22s)
✔ [681/694] Built Mathlib.Data.Finset.Basic (23s)
✔ [682/696] Built Mathlib.Data.Finset.Image (23s)
✔ [683/696] Built Mathlib.Algebra.BigOperators.Group.Multiset.Defs (8.9s)
✔ [684/696] Built Mathlib.Data.List.Chain (21s)
✔ [685/696] Built Mathlib.Order.CompleteBooleanAlgebra (40s)
✔ [686/699] Built Mathlib.Data.Finset.Fold (8.9s)
✔ [687/699] Built Mathlib.Data.List.Range (5.4s)
✔ [688/700] Built Mathlib.Data.Set.BooleanAlgebra (7.4s)
✔ [689/704] Built Mathlib.Algebra.Group.Hom.Basic (13s)
✔ [690/704] Built Mathlib.Algebra.Group.Equiv.Defs (20s)
✔ [691/704] Built Mathlib.Algebra.BigOperators.Group.List.Lemmas (11s)
✔ [692/708] Built Mathlib.Algebra.Group.Units.Basic (21s)
✔ [693/708] Built Mathlib.Algebra.Order.Sub.Unbundled.Basic (10s)
✔ [694/708] Built Mathlib.Data.Finset.Card (38s)
✔ [695/710] Built Mathlib.Data.Set.Sigma (20s)
✔ [696/712] Built Mathlib.Algebra.Group.Units.Hom (12s)
✔ [697/712] Built Mathlib.Data.Finset.Sum (14s)
✔ [698/712] Built Mathlib.Algebra.Group.Equiv.Basic (16s)
✔ [699/714] Built Mathlib.Algebra.Notation.Pi.Basic (7.1s)
✔ [700/714] Built Mathlib.Data.Set.Lattice (30s)
✔ [701/714] Built Mathlib.Algebra.Group.Equiv.Opposite (9.3s)
✔ [702/717] Built Mathlib.Algebra.Group.Prod (25s)
✔ [703/717] Built Mathlib.Data.Finset.BooleanAlgebra (8.4s)
✔ [704/717] Built Mathlib.Algebra.Group.TypeTags.Basic (11s)
✔ [705/717] Built Mathlib.Data.Finset.SymmDiff (6.0s)
✔ [706/717] Built Mathlib.Data.Fintype.OfMap (5.3s)
✔ [707/719] Built Mathlib.Algebra.BigOperators.Group.Multiset.Basic (13s)
✔ [708/719] Built Mathlib.Data.Finset.Lattice.Fold (36s)
✔ [709/724] Built Mathlib.Data.Fintype.Sets (11s)
✔ [710/725] Built Mathlib.Data.Set.Lattice.Image (20s)
✔ [711/725] Built Mathlib.Data.List.Enum (4.4s)
✔ [712/729] Built Mathlib.Data.Multiset.Bind (11s)
✔ [713/729] Built Mathlib.Algebra.Group.Even (8.6s)
✔ [714/729] Built Mathlib.Data.List.OffDiag (8.9s)
✔ [715/731] Built Mathlib.Data.Nat.Factorial.Basic (12s)
✔ [716/731] Built Mathlib.Data.Set.Piecewise (6.6s)
✔ [717/731] Built Mathlib.Algebra.Group.Pi.Basic (9.1s)
✔ [718/733] Built Mathlib.Data.Finset.Union (12s)
✔ [719/733] Built Mathlib.Data.Nat.Choose.Basic (10s)
✔ [720/733] Built Mathlib.Algebra.Notation.Support (9.2s)
✔ [721/733] Built Mathlib.Data.Finset.Option (5.0s)
✔ [722/733] Built Mathlib.Data.Finset.Piecewise (6.3s)
✔ [723/736] Built Mathlib.Algebra.BigOperators.Group.Finset.Defs (29s)
✔ [724/739] Built Mathlib.Algebra.Group.Hom.Instances (13s)
✔ [725/741] Built Mathlib.Algebra.GroupWithZero.Defs (6.5s)
✔ [726/741] Built Mathlib.Order.CompleteLattice.Finset (11s)
✔ [727/741] Built Mathlib.Data.Finset.Prod (12s)
✔ [728/741] Built Mathlib.Tactic.Nontriviality.Core (5.5s)
✔ [729/741] Built Mathlib.Algebra.GroupWithZero.NeZero (2.3s)
✔ [730/744] Built Mathlib.Data.Finset.Sigma (6.8s)
✔ [731/744] Built Mathlib.Algebra.Notation.Indicator (8.5s)
✔ [732/744] Built Mathlib.Algebra.Group.Pi.Lemmas (18s)
✔ [733/745] Built Mathlib.Tactic.Nontriviality (2.1s)
✔ [734/745] Built Mathlib.Algebra.GroupWithZero.Pi (4.6s)
✔ [735/748] Built Mathlib.Algebra.GroupWithZero.Basic (8.3s)
✔ [736/748] Built Mathlib.Algebra.GroupWithZero.InjSurj (5.8s)
✔ [737/748] Built Mathlib.Algebra.Group.Action.Defs (13s)
✔ [738/751] Built Mathlib.Algebra.GroupWithZero.Hom (7.7s)
✔ [739/751] Built Mathlib.Algebra.Group.Action.Faithful (5.2s)
✔ [740/752] Built Mathlib.Data.Nat.Cast.Defs (6.2s)
✔ [741/752] Built Mathlib.Algebra.GroupWithZero.Units.Basic (10s)
✔ [742/759] Built Mathlib.Algebra.GroupWithZero.Equiv (4.2s)
✔ [743/759] Built Mathlib.Data.Int.Cast.Defs (2.6s)
✔ [744/759] Built Mathlib.Util.AtomM (3.2s)
✔ [745/764] Built Mathlib.Algebra.Group.Action.Pi (4.6s)
✔ [746/764] Built Mathlib.Data.List.TFAE (2.9s)
✔ [747/764] Built Mathlib.Data.Int.DivMod (2.2s)
✔ [748/766] Built Batteries.Data.Fin.Basic (5.3s)
✔ [749/771] Built Mathlib.Algebra.BigOperators.Group.Finset.Basic (43s)
✔ [750/773] Built Mathlib.Algebra.Ring.Defs (11s)
✔ [751/773] Built Mathlib.Algebra.BigOperators.GroupWithZero.Finset (6.5s)
✔ [752/773] Built Mathlib.Tactic.TFAE (15s)
✔ [753/773] Built Mathlib.Algebra.BigOperators.Group.Finset.Sigma (7.9s)
✔ [754/773] Built Mathlib.Data.Fin.Basic (12s)
✔ [755/773] Built Mathlib.Algebra.BigOperators.Group.Finset.Lemmas (5.3s)
✔ [756/773] Built Mathlib.Data.FunLike.IsApply (6.3s)
✔ [757/776] Built Batteries.Data.Fin.Lemmas (8.4s)
✔ [758/776] Built Mathlib.Algebra.Ring.Basic (8.3s)
✔ [759/776] Built Mathlib.Data.Multiset.Pi (7.5s)
✔ [760/784] Built Mathlib.Algebra.BigOperators.Group.Finset.Piecewise (17s)
✔ [761/784] Built Mathlib.Logic.Function.DependsOn (6.3s)
✔ [762/784] Built Mathlib.Data.List.Duplicate (6.2s)
✔ [763/790] Built Mathlib.Data.Fin.SuccPred (20s)
✔ [764/790] Built Mathlib.Algebra.Group.Semiconj.Units (4.9s)
✔ [765/790] Built Mathlib.Algebra.Ring.Hom.Defs (13s)
✔ [766/790] Built Mathlib.Data.Finset.Pi (10s)
✔ [767/792] Built Mathlib.Data.Fin.Rev (4.0s)
✔ [768/792] Built Mathlib.Data.Fin.Embedding (4.8s)
✔ [769/792] Built Mathlib.Algebra.Divisibility.Units (5.6s)
✔ [770/793] Built Mathlib.Algebra.Group.Commute.Units (5.7s)
✔ [771/793] Built Mathlib.Algebra.GroupWithZero.Semiconj (3.8s)
✔ [772/793] Built Mathlib.Algebra.Divisibility.Hom (3.3s)
✔ [773/793] Built Mathlib.Algebra.GroupWithZero.Divisibility (5.4s)
✔ [774/793] Built Mathlib.Algebra.Ring.Semiconj (4.5s)
✔ [775/799] Built Mathlib.Order.Fin.Basic (10s)
✔ [776/799] Built Mathlib.Algebra.GroupWithZero.Commute (3.7s)
✔ [777/799] Built Mathlib.Algebra.Ring.Divisibility.Basic (6.5s)
✔ [778/799] Built Mathlib.Data.Int.Cast.Basic (4.3s)
✔ [779/803] Built Mathlib.Data.Bracket (3.4s)
✔ [780/805] Built Mathlib.Algebra.Ring.Equiv (25s)
✔ [781/805] Built Mathlib.Data.List.Sublists (10s)
✔ [782/806] Built Mathlib.Data.List.Zip (7.3s)
✔ [783/806] Built Mathlib.Algebra.Ring.CompTypeclasses (5.8s)
✔ [784/806] Built Mathlib.Data.Fin.Tuple.Basic (23s)
✔ [785/806] Built Mathlib.Data.Multiset.Sections (4.8s)
✔ [786/807] Built Mathlib.Algebra.Ring.InjSurj (24s)
✔ [787/810] Built Mathlib.Data.Multiset.Powerset (7.9s)
✔ [788/810] Built Mathlib.Data.List.OfFn (7.7s)
✔ [789/810] Built Mathlib.Algebra.Ring.Pi (12s)
✔ [790/811] Built Mathlib.Algebra.Ring.Units (7.1s)
✔ [791/811] Built Mathlib.Data.Finset.Max (14s)
✔ [792/811] Built Mathlib.Data.Finset.Lattice.Union (4.6s)
✔ [793/811] Built Mathlib.Data.Multiset.Antidiagonal (5.1s)
✔ [794/811] Built Mathlib.Data.Set.Pairwise.Lattice (7.2s)
✔ [795/814] Built Mathlib.Data.List.FinRange (7.1s)
✔ [796/814] Built Mathlib.Algebra.Ring.Commute (9.6s)
✔ [797/814] Built Mathlib.Algebra.Group.TypeTags.Hom (9.8s)
✔ [798/814] Built Mathlib.Data.List.Sort (19s)
✔ [799/814] Built Mathlib.Algebra.CharZero.Defs (4.6s)
✔ [800/814] Built Mathlib.Data.Finset.Powerset (14s)
✔ [801/816] Built Mathlib.Data.Int.Basic (5.1s)
✔ [802/817] Built Mathlib.Data.Fintype.Basic (10s)
✔ [803/818] Built Mathlib.Algebra.BigOperators.Ring.List (4.0s)
✔ [804/818] Built Mathlib.Algebra.Ring.Int.Defs (4.2s)
✔ [805/819] Built Mathlib.Data.Nat.Sqrt (4.3s)
✔ [806/819] Built Mathlib.Data.List.NodupEquivFin (6.7s)
✔ [807/819] Built Mathlib.Algebra.BigOperators.Ring.Multiset (5.0s)
✔ [808/819] Built Mathlib.Data.Int.Sqrt (4.7s)
✔ [809/826] Built Mathlib.Data.Fintype.Card (9.8s)
✔ [810/826] Built Mathlib.Algebra.BigOperators.Pi (13s)
✔ [811/826] Built Mathlib.Algebra.Group.Nat.Hom (4.6s)
✔ [812/826] Built Mathlib.Algebra.Group.Nat.Even (6.5s)
✔ [813/830] Built Mathlib.Algebra.GroupWithZero.Nat (2.3s)
✔ [814/830] Built Mathlib.Data.Nat.Cast.Commute (3.9s)
✔ [815/831] Built Mathlib.Algebra.Ring.Nat (3.8s)
✔ [816/831] Built Mathlib.Data.Fintype.EquivFin (8.0s)
✔ [817/831] Built Mathlib.Algebra.Group.Int.Even (6.7s)
✔ [818/831] Built Mathlib.Algebra.Group.Support (3.7s)
✔ [819/834] Built Mathlib.Data.Nat.Cast.Basic (5.4s)
✔ [820/834] Built Mathlib.Data.Fintype.Powerset (4.6s)
✔ [821/834] Built Mathlib.Algebra.Group.Subsemigroup.Defs (9.7s)
✔ [822/834] Built Mathlib.Algebra.Group.Commute.Hom (3.4s)
✔ [823/835] Built Mathlib.Algebra.Group.Subsemigroup.Basic (10s)
✔ [824/835] Built Mathlib.Data.Set.Finite.Basic (15s)
✔ [825/836] Built Mathlib.Algebra.Ring.Parity (16s)
✔ [826/836] Built Mathlib.Algebra.Group.Submonoid.Defs (14s)
✔ [827/844] Built Mathlib.Data.Fintype.Pi (8.6s)
✔ [828/844] Built Mathlib.Algebra.Group.Indicator (9.7s)
✔ [829/844] Built Mathlib.Data.Finset.NoncommProd (13s)
✔ [830/844] Built Mathlib.Data.Int.Cast.Lemmas (9.6s)
✔ [831/849] Built Mathlib.Algebra.FiniteSupport.Defs (3.9s)
✔ [832/849] Built Mathlib.Algebra.BigOperators.Group.Finset.Pi (3.9s)
✔ [833/849] Built Mathlib.Data.List.Find (3.9s)
✔ [834/849] Built Mathlib.Algebra.GroupWithZero.Opposite (3.0s)
✔ [835/852] Built Mathlib.Algebra.Group.Submonoid.Basic (9.6s)
✔ [836/852] Built Mathlib.Algebra.Group.Action.Opposite (6.8s)
✔ [837/856] Built Mathlib.Data.Multiset.Find (6.4s)
✔ [838/856] Built Mathlib.Algebra.Group.Action.TypeTags (4.1s)
✔ [839/856] Built Mathlib.Algebra.BigOperators.Ring.Finset (11s)
✔ [840/856] Built Mathlib.Algebra.Group.Submonoid.BigOperators (9.3s)
✔ [841/856] Built Mathlib.Algebra.Group.Action.Pretransitive (6.5s)
✔ [842/858] Built Mathlib.Algebra.GroupWithZero.Action.Defs (11s)
✔ [843/859] Built Mathlib.Algebra.Group.Action.Units (8.6s)
✔ [844/859] Built Mathlib.Data.Finsupp.Defs (13s)
✔ [845/859] Built Mathlib.Logic.Function.CompTypeclasses (2.1s)
✔ [846/859] Built Mathlib.Algebra.Group.Action.Hom (4.8s)
✔ [847/859] Built Mathlib.Algebra.GroupWithZero.Action.Units (5.5s)
✔ [848/866] Built Mathlib.Algebra.Module.Defs (7.4s)
✔ [849/866] Built Mathlib.Algebra.Regular.SMul (6.6s)
✔ [850/867] Built Mathlib.Algebra.Group.Hom.CompTypeclasses (4.9s)
✔ [851/868] Built Mathlib.Algebra.GroupWithZero.Action.End (5.1s)
✔ [852/868] Built Mathlib.Data.Finsupp.Single (13s)
✔ [853/868] Built Mathlib.Algebra.Module.NatInt (8.8s)
✔ [854/868] Built Mathlib.Algebra.Group.Invertible.Defs (5.9s)
✔ [855/868] Built Mathlib.Algebra.Module.RingHom (6.0s)
✔ [856/872] Built Mathlib.Algebra.GroupWithZero.Units.Lemmas (4.3s)
✔ [857/872] Built Batteries.Classes.RatCast (1.2s)
✔ [858/872] Built Mathlib.Algebra.Group.Invertible.Basic (4.4s)
✔ [859/874] Built Mathlib.Data.Finsupp.Indicator (6.1s)
✔ [860/874] Built Mathlib.Data.Rat.Init (3.6s)
✔ [861/876] Built Mathlib.Algebra.Ring.GrindInstances (4.7s)
✔ [862/878] Built Mathlib.Algebra.GroupWithZero.Invertible (4.7s)
✔ [863/878] Built Mathlib.Algebra.Group.Action.Basic (7.9s)
✔ [864/878] Built Mathlib.Algebra.Group.Finsupp (14s)
✔ [865/878] Built Mathlib.Algebra.Field.Defs (5.8s)
✔ [866/878] Built Mathlib.Algebra.Ring.Action.Basic (3.8s)
✔ [867/878] Built Mathlib.Algebra.Ring.Invertible (5.5s)
✔ [868/884] Built Mathlib.Data.Finsupp.Ext (4.9s)
✔ [869/884] Built Mathlib.Algebra.Group.Units.Equiv (6.0s)
✔ [870/885] Built Mathlib.Algebra.Order.Group.Synonym (13s)
✔ [871/885] Built Mathlib.Algebra.Order.GroupWithZero.Synonym (3.4s)
✔ [872/885] Built Mathlib.Algebra.Order.Ring.Synonym (6.4s)
✔ [873/888] Built Mathlib.Algebra.Order.Group.Unbundled.Basic (17s)
✔ [874/888] Built Mathlib.Algebra.Order.GroupWithZero.Defs (9.7s)
✔ [875/888] Built Mathlib.Algebra.BigOperators.Finsupp.Basic (24s)
✔ [876/890] Built Mathlib.Algebra.Field.Basic (14s)
✔ [877/893] Built Mathlib.Algebra.Order.Group.OrderIso (5.5s)
✔ [878/893] Built Mathlib.Tactic.Bound.Init (2.4s)
✔ [879/893] Built Mathlib.Algebra.Order.Monoid.Unbundled.OrderDual (3.2s)
✔ [880/895] Built Mathlib.Data.Nat.Cast.NeZero (2.6s)
✔ [881/898] Built Mathlib.Algebra.Order.Group.Lattice (4.9s)
✔ [882/898] Built Mathlib.Tactic.Bound.Attribute (5.8s)
✔ [883/898] Built Mathlib.Data.Nat.Cast.Order.Basic (6.0s)
✔ [884/900] Built Mathlib.Algebra.Order.Monoid.Unbundled.Pow (9.9s)
✔ [885/900] Built Mathlib.Data.Rat.Defs (6.2s)
✔ [886/901] Built Mathlib.Algebra.Group.Semiconj.Basic (3.1s)
✔ [887/901] Built Mathlib.GroupTheory.GroupAction.Hom (56s)
✔ [888/901] Built Mathlib.Algebra.Ring.Rat (5.9s)
✔ [889/901] Built Mathlib.Algebra.Order.Group.Unbundled.Abs (14s)
✔ [890/907] Built Mathlib.Algebra.Group.Commute.Basic (6.2s)
✔ [891/907] Built Mathlib.Algebra.Ring.Int.Parity (11s)
✔ [892/907] Built Mathlib.Algebra.Order.Group.Unbundled.Int (7.4s)
✔ [893/908] Built Mathlib.Data.PNat.Notation (3.1s)
✔ [894/908] Built Mathlib.Algebra.Order.GroupWithZero.Basic (30s)
✔ [895/909] Built Mathlib.Data.PNat.Defs (5.7s)
✔ [896/911] Built Mathlib.Algebra.GroupWithZero.Regular (3.2s)
✔ [897/911] Built Mathlib.Algebra.Order.Ring.Unbundled.Rat (14s)
✔ [898/913] Built Mathlib.Algebra.Order.Nonneg.Basic (10s)
✔ [899/913] Built Mathlib.Data.Rat.Lemmas (8.2s)
✔ [900/914] Built Mathlib.Algebra.GroupWithZero.Action.Opposite (5.1s)
✔ [901/914] Built Mathlib.Algebra.Regular.Opposite (3.4s)
✔ [902/917] Built Mathlib.Algebra.Notation.FiniteSupport (4.8s)
✔ [903/917] Built Mathlib.Data.NNRat.Defs (9.0s)
✔ [904/917] Built Mathlib.Algebra.Ring.Opposite (13s)
✔ [905/920] Built Mathlib.Algebra.Order.Monoid.NatCast (4.3s)
✔ [906/920] Built Mathlib.Algebra.Order.Monoid.Unbundled.MinMax (5.1s)
✔ [907/922] Built Mathlib.Algebra.Module.Opposite (3.2s)
✔ [908/922] Built Mathlib.Algebra.Field.Rat (4.7s)
✔ [909/922] Built Mathlib.Algebra.Order.Monoid.Defs (5.5s)
✔ [910/924] Built Mathlib.Algebra.Module.LinearMap.Defs (50s)
✔ [911/924] Built Mathlib.Algebra.Module.Torsion.Free (9.8s)
✔ [912/924] Built Mathlib.Data.Set.Finite.Powerset (6.9s)
✔ [913/924] Built Mathlib.Data.Set.Finite.Range (6.9s)
✔ [914/924] Built Mathlib.Algebra.Order.Group.Defs (6.3s)
✔ [915/924] Built Mathlib.Algebra.Order.Ring.Unbundled.Basic (19s)
✔ [916/924] Built Mathlib.Data.Rat.Cast.Defs (9.5s)
✔ [917/924] Built Mathlib.Data.Fintype.Option (5.1s)
✔ [918/924] Built Mathlib.Algebra.Order.Ring.Defs (5.4s)
✔ [919/925] Built Mathlib.Algebra.Algebra.Defs (10s)
✔ [920/928] Built Mathlib.Data.Rat.Cast.CharZero (6.8s)
✔ [921/933] Built Mathlib.Order.ConditionallyCompleteLattice.Defs (5.0s)
✔ [922/935] Built Mathlib.Order.ConditionallyCompletePartialOrder.Defs (4.4s)
✔ [923/935] Built Mathlib.Data.Set.Finite.Lattice (14s)
✔ [924/935] Built Mathlib.Algebra.Order.Monoid.Canonical.Defs (6.6s)
✔ [925/937] Built Mathlib.Algebra.GroupWithZero.Indicator (5.4s)
✔ [926/937] Built Mathlib.Algebra.Group.Hom.End (3.6s)
✔ [927/939] Built Mathlib.Order.ConditionallyCompletePartialOrder.Basic (5.2s)
✔ [928/939] Built Mathlib.Algebra.Module.Basic (5.0s)
✔ [929/939] Built Mathlib.Algebra.Module.End (5.1s)
✔ [930/940] Built Mathlib.Order.ConditionallyCompletePartialOrder.Indexed (7.6s)
✔ [931/941] Built Mathlib.Algebra.Order.Group.Abs (12s)
✔ [932/943] Built Mathlib.Algebra.Order.Ring.Basic (8.6s)
✔ [933/944] Built Mathlib.Algebra.Module.Equiv.Defs (51s)
✔ [934/944] Built Mathlib.Algebra.Order.Group.Int (2.7s)
✔ [935/944] Built Mathlib.Order.ConditionallyCompleteLattice.Basic (21s)
✔ [936/944] Built Mathlib.Algebra.Order.Hom.Basic (7.7s)
✔ [937/945] Built Mathlib.Algebra.Ring.Int.Units (3.6s)
✔ [938/948] Built Mathlib.Algebra.Algebra.Rat (5.8s)
✔ [939/948] Built Mathlib.Data.Int.GCD (8.3s)
✔ [940/952] Built Mathlib.Algebra.Order.Group.Nat (2.9s)
✔ [941/952] Built Mathlib.Algebra.Group.WithOne.Defs (7.9s)
✔ [942/954] Built Mathlib.Algebra.Order.Ring.Int (8.1s)
✔ [943/954] Built Mathlib.Algebra.Regular.Basic (7.5s)
✔ [944/955] Built Mathlib.Order.ConditionallyCompleteLattice.Indexed (18s)
✔ [945/955] Built Mathlib.Algebra.Group.WithOne.Map (4.7s)
✔ [946/955] Built Mathlib.Algebra.Order.Monoid.Units (5.8s)
✔ [947/959] Built Mathlib.Algebra.GroupWithZero.WithZero (15s)
✔ [948/962] Built Mathlib.Algebra.Order.Monoid.OrderDual (2.9s)
✔ [949/962] Built Mathlib.Algebra.Order.Monoid.Unbundled.WithTop (24s)
✔ [950/963] Built Mathlib.Algebra.Order.Group.Units (3.5s)
✔ [951/965] Built Mathlib.Algebra.Order.Group.Indicator (8.2s)
✔ [952/965] Built Mathlib.Algebra.Order.Monoid.Unbundled.TypeTags (5.6s)
✔ [953/966] Built Mathlib.Algebra.Order.Monoid.WithTop (4.1s)
✔ [954/967] Built Mathlib.Algebra.Order.Sub.Basic (5.5s)
✔ [955/967] Built Mathlib.Tactic.HaveI (2.8s)
✔ [956/971] Built Mathlib.Algebra.Order.Monoid.TypeTags (3.3s)
✔ [957/971] Built Mathlib.Lean.Expr.Rat (2.8s)
✔ [958/974] Built Mathlib.Algebra.FiniteSupport.Basic (9.5s)
✔ [959/976] Built Mathlib.Algebra.Order.AddGroupWithTop (6.8s)
✔ [960/976] Built Mathlib.Util.Qq (2.8s)
✔ [961/976] Built Mathlib.Tactic.NormNum.Result (11s)
✔ [962/976] Built Mathlib.Algebra.Order.BigOperators.Group.List (9.7s)
✔ [963/985] Built Mathlib.Data.Multiset.OrderedMonoid (3.4s)
✔ [964/985] Built Mathlib.Data.List.MinMax (15s)
✔ [965/986] Built Mathlib.Algebra.Order.Positive.Ring (6.3s)
✔ [966/990] Built Mathlib.Data.PNat.Equiv (2.8s)
✔ [967/990] Built Mathlib.Tactic.NormNum.Core (10s)
✔ [968/990] Built Mathlib.Tactic.TryThis (3.1s)
✔ [969/992] Built Mathlib.Util.AtomM.Recurse (3.9s)
✔ [970/998] Built Mathlib.Algebra.Order.BigOperators.Group.Multiset (8.0s)
✔ [971/998] Built Mathlib.Algebra.Order.BigOperators.GroupWithZero.List (5.3s)
✔ [972/1000] Built Mathlib.Algebra.Order.GroupWithZero.Canonical (28s)
✔ [973/1000] Built Mathlib.Algebra.Order.Ring.Canonical (5.3s)
✔ [974/1000] Built Mathlib.Algebra.Order.BigOperators.GroupWithZero.Multiset (5.2s)
✔ [975/1000] Built Mathlib.Algebra.Order.Ring.Nat (4.2s)
✔ [976/1000] Built Mathlib.Algebra.GroupWithZero.Action.Pi (6.0s)
✔ [977/1000] Built Mathlib.Algebra.Order.BigOperators.Ring.List (6.4s)
✔ [978/1000] Built Mathlib.Tactic.NormNum.Basic (28s)
✔ [979/1001] Built Mathlib.Data.PNat.Basic (10s)
✔ [980/1001] Built Mathlib.Data.Nat.Cast.Order.Ring (7.2s)
✔ [981/1001] Built Mathlib.Algebra.Order.BigOperators.Group.Finset (27s)
✔ [982/1001] Built Mathlib.Algebra.Module.Pi (4.8s)
✔ [983/1001] Built Mathlib.Algebra.Order.BigOperators.Ring.Multiset (4.9s)
✔ [984/1001] Built Mathlib.Algebra.Order.Field.Canonical (4.8s)
✔ [985/1001] Built Mathlib.Algebra.Order.Ring.Cast (7.7s)
✔ [986/1002] Built Mathlib.Algebra.Order.Invertible (5.2s)
✔ [987/1002] Built Mathlib.Tactic.NormNum.Inv (11s)
✔ [988/1002] Built Mathlib.Tactic.NormNum.Pow (14s)
✔ [989/1004] Built Mathlib.Algebra.Order.Ring.Abs (11s)
✔ [990/1007] Built Mathlib.Order.LatticeIntervals (10s)
✔ [991/1007] Built Mathlib.Data.Set.Order (7.8s)
✔ [992/1014] Built Mathlib.Order.Interval.Set.Image (8.2s)
✔ [993/1018] Built Mathlib.Lean.Expr.ExtraRecognizers (2.6s)
✔ [994/1020] Built Mathlib.Data.Set.Notation (5.2s)
✔ [995/1020] Built Mathlib.Tactic.Positivity.Core (30s)
✔ [996/1021] Built Mathlib.Algebra.Order.Monoid.Basic (5.1s)
✔ [997/1021] Built Mathlib.Algebra.Order.Ring.Rat (4.6s)
✔ [998/1021] Built Mathlib.Order.Interval.Set.LinearOrder (21s)
✔ [999/1023] Built Mathlib.Order.Preorder.Chain (9.9s)
✔ [1000/1023] Built Mathlib.Algebra.Order.Ring.InjSurj (3.9s)
✔ [1001/1023] Built Mathlib.Algebra.Order.AbsoluteValue.Basic (13s)
✔ [1002/1024] Built Mathlib.Tactic.Ring.Common (51s)
✔ [1003/1028] Built Mathlib.Order.Antichain (10s)
✔ [1004/1028] Built Mathlib.Algebra.Notation (4.5s)
✔ [1005/1029] Built Mathlib.Order.Interval.Set.UnorderedInterval (14s)
✔ [1006/1030] Built Mathlib.Data.Int.Cast.Pi (2.1s)
✔ [1007/1030] Built Mathlib.Data.Int.Cast.Field (2.0s)
✔ [1008/1031] Built Mathlib.Order.Interval.Set.OrderEmbedding (4.9s)
✔ [1009/1031] Built Mathlib.Algebra.BigOperators.Option (4.8s)
✔ [1010/1031] Built Mathlib.Data.Int.CharZero (4.1s)
✔ [1011/1031] Built Mathlib.Data.Fintype.Prod (4.8s)
✔ [1012/1033] Built Mathlib.Algebra.Order.Group.PosPart (13s)
✔ [1013/1033] Built Mathlib.Tactic.Ring.Basic (23s)
✔ [1014/1033] Built Mathlib.Order.Interval.Set.OrdConnected (9.7s)
✔ [1015/1034] Built Mathlib.Data.Fintype.Sigma (9.9s)
✔ [1016/1034] Built Mathlib.Tactic.Ring.PNat (4.2s)
✔ [1017/1034] Built Mathlib.Logic.Embedding.Set (7.2s)
✔ [1018/1034] Built Mathlib.Tactic.Ring.RingNF (10s)
✔ [1019/1035] Built Mathlib.Data.Finite.Prod (6.3s)
✔ [1020/1035] Built Mathlib.Tactic.Ring (4.4s)
✔ [1021/1037] Built Mathlib.Data.Fintype.Sum (6.7s)
✔ [1022/1037] Built Mathlib.Order.CompleteLatticeIntervals (12s)
✔ [1023/1039] Built Mathlib.Data.Vector.Defs (6.0s)
✔ [1024/1039] Built Mathlib.Data.Setoid.Basic (8.4s)
✔ [1025/1039] Built Mathlib.Algebra.Order.BigOperators.GroupWithZero.Finset (8.7s)
✔ [1026/1043] Built Mathlib.Control.Applicative (4.6s)
✔ [1027/1043] Built Mathlib.Control.Traversable.Basic (4.4s)
✔ [1028/1043] Built Mathlib.Algebra.Order.Nonneg.Lattice (5.3s)
✔ [1029/1044] Built Mathlib.Tactic.ApplyFun (9.7s)
✔ [1030/1046] Built Mathlib.Algebra.Order.BigOperators.Ring.Finset (17s)
✔ [1031/1046] Built Mathlib.Data.Vector.Basic (14s)
✔ [1032/1047] Built Mathlib.Algebra.Order.Nonneg.Ring (6.4s)
✔ [1033/1047] Built Mathlib.Tactic.Positivity.Basic (60s)
✔ [1034/1047] Built Mathlib.Algebra.Group.Pointwise.Set.Scalar (8.4s)
✔ [1035/1047] Built Mathlib.Algebra.Order.Ring.NNRat (3.9s)
✔ [1036/1051] Built Mathlib.Data.Sym.Basic (12s)
✔ [1037/1051] Built Mathlib.Algebra.Order.Nonneg.Field (9.5s)
✔ [1038/1053] Built Mathlib.Data.Fintype.Vector (3.9s)
✔ [1039/1053] Built Mathlib.Data.Finset.Lattice.Prod (8.0s)
✔ [1040/1053] Built Mathlib.Data.Finset.Preimage (8.3s)
✔ [1041/1053] Built Mathlib.Algebra.Order.Field.Rat (4.1s)
✔ [1042/1053] Built Mathlib.Algebra.BigOperators.Group.Finset.Indicator (5.4s)
✔ [1043/1056] Built Mathlib.Data.Fintype.BigOperators (9.4s)
✔ [1044/1056] Built Mathlib.Algebra.Group.Pointwise.Set.Basic (42s)
✔ [1045/1056] Built Mathlib.Algebra.BigOperators.Finprod (44s)
✔ [1046/1056] Built Mathlib.Data.Int.LeastGreatest (6.4s)
✔ [1047/1057] Built Mathlib.Data.Finset.NAry (14s)
✔ [1048/1057] Built Mathlib.Algebra.Group.Pointwise.Set.Finite (9.4s)
✔ [1049/1057] Built Mathlib.Algebra.Group.Pointwise.Set.ListOfFn (4.8s)
✔ [1050/1057] Built Mathlib.Algebra.BigOperators.GroupWithZero.Action (6.7s)
✔ [1051/1061] Built Mathlib.Data.Finset.Density (19s)
✔ [1052/1063] Built Mathlib.Algebra.Order.Floor.Defs (10s)
✔ [1053/1063] Built Mathlib.Algebra.Group.Action.Pointwise.Set.Basic (13s)
✔ [1054/1065] Built Mathlib.Algebra.Group.Equiv.TypeTags (9.3s)
✔ [1055/1065] Built Mathlib.Algebra.Group.Action.Prod (6.1s)
✔ [1056/1065] Built Mathlib.Algebra.Order.Nonneg.Floor (3.8s)
✔ [1057/1067] Built Mathlib.Algebra.GroupWithZero.Prod (3.6s)
✔ [1058/1067] Built Mathlib.Algebra.GroupWithZero.Pointwise.Set.Basic (4.5s)
✔ [1059/1070] Built Mathlib.Algebra.Order.Archimedean.Defs (5.9s)
✔ [1060/1072] Built Mathlib.Algebra.GroupWithZero.Units.Equiv (4.3s)
✔ [1061/1072] Built Mathlib.Algebra.Group.End (17s)
✔ [1062/1073] Built Mathlib.Data.Set.Monotone (7.1s)
✔ [1063/1073] Built Mathlib.Algebra.Order.Floor.Semiring (14s)
✔ [1064/1073] Built Mathlib.Algebra.Order.GroupWithZero.OrderIso (4.8s)
✔ [1065/1073] Built Mathlib.Order.Bounds.OrderIso (3.8s)
✔ [1066/1074] Built Mathlib.Algebra.Group.Action.End (6.4s)
✔ [1067/1075] Built Mathlib.Algebra.Group.Pointwise.Finset.Basic (42s)
✔ [1068/1075] Built Mathlib.Data.Ineq (2.5s)
✔ [1069/1075] Built Mathlib.Algebra.GroupWithZero.Action.Basic (7.6s)
✔ [1070/1075] Built Mathlib.Tactic.FieldSimp.Attr (3.1s)
✔ [1071/1078] Built Mathlib.Tactic.Abel (26s)
✔ [1072/1081] Built Mathlib.Algebra.GroupWithZero.Action.Pointwise.Set (12s)
✔ [1073/1081] Built Mathlib.Util.DischargerAsTactic (3.0s)
✔ [1074/1081] Built Mathlib.Algebra.BigOperators.Expect (20s)
✔ [1075/1083] Built Mathlib.Util.SynthesizeUsing (3.0s)
✔ [1076/1088] Built Mathlib.Algebra.Order.Field.Basic (35s)
✔ [1077/1089] Built Mathlib.Tactic.Linarith.Lemmas (5.9s)
✔ [1078/1089] Built Mathlib.Tactic.Linarith.Oracle.SimplexAlgorithm.Datatypes (3.7s)
✔ [1079/1091] Built Mathlib.Tactic.FieldSimp.Lemmas (12s)
✔ [1080/1091] Built Mathlib.Tactic.FieldSimp.Discharger (9.2s)
✔ [1081/1093] Built Mathlib.Lean.Meta.Tactic.Rewrite (2.3s)
✔ [1082/1093] Built Mathlib.Tactic.Linarith.Oracle.SimplexAlgorithm.Gauss (3.3s)
✔ [1083/1093] Built Mathlib.Tactic.Linarith.Oracle.SimplexAlgorithm.SimplexAlgorithm (3.9s)
✔ [1084/1095] Built Mathlib.Tactic.Linarith.Datatypes (6.7s)
✔ [1085/1097] Built Mathlib.Data.Tree.Basic (4.8s)
✔ [1086/1097] Built Mathlib.Tactic.Zify (4.4s)
✔ [1087/1097] Built Mathlib.Tactic.Linarith.Oracle.SimplexAlgorithm.PositiveVector (3.2s)
✔ [1088/1098] Built Mathlib.Util.ElabWithoutMVars (2.7s)
✔ [1089/1099] Built Mathlib.Tactic.Linarith.Parsing (7.8s)
✔ [1090/1099] Built Mathlib.Tactic.Linarith.Oracle.SimplexAlgorithm (7.5s)
✔ [1091/1099] Built Mathlib.Tactic.CancelDenoms.Core (11s)
✔ [1092/1099] Built Mathlib.Tactic.NormNum.Abs (7.7s)
✔ [1093/1102] Built Mathlib.Tactic.Linarith.Verification (10s)
✔ [1094/1110] Built Mathlib.Data.Rat.Cast.Order (16s)
✔ [1095/1112] Built Mathlib.Data.Rat.Cast.Lemmas (6.1s)
✔ [1096/1112] Built Mathlib.Tactic.NormNum.Eq (9.6s)
✔ [1097/1112] Built Mathlib.Tactic.Linarith.Preprocessing (12s)
✔ [1098/1112] Built Mathlib.Algebra.Order.Group.Basic (5.3s)
✔ [1099/1112] Built Mathlib.Tactic.NormNum.OfScientific (6.5s)
✔ [1100/1115] Built Mathlib.Algebra.Order.Ring.Pow (8.1s)
✔ [1101/1118] Built Mathlib.Algebra.Order.Group.MinMax (5.0s)
✔ [1102/1119] Built Mathlib.GroupTheory.GroupAction.Ring (3.2s)
✔ [1103/1119] Built Mathlib.Tactic.FieldSimp (55s)
✔ [1104/1119] Built Mathlib.Tactic.Linarith.Frontend (13s)
✔ [1105/1122] Built Mathlib.Tactic.NormNum.Ineq (17s)
✔ [1106/1122] Built Mathlib.Algebra.Ring.Action.Rat (3.0s)
✔ [1107/1122] Built Mathlib.Tactic.Field (6.4s)
✔ [1108/1125] Built Mathlib.Order.Interval.Set.Disjoint (11s)
✔ [1109/1130] Built Mathlib.Tactic.NormNum.DivMod (10s)
✔ [1110/1130] Built Mathlib.Algebra.Order.Group.Action.Synonym (3.6s)
✔ [1111/1132] Built Mathlib.Tactic.NormNum (3.7s)
✔ [1112/1133] Built Mathlib.Algebra.Order.Group.Pointwise.Bounds (7.0s)
✔ [1113/1133] Built Mathlib.Algebra.NoZeroSMulDivisors.Defs (4.5s)
✔ [1114/1133] Built Mathlib.Algebra.Order.GroupWithZero.Action.Synonym (4.9s)
✔ [1115/1134] Built Mathlib.Tactic.Linarith (4.9s)
✔ [1116/1134] Built Mathlib.Algebra.NoZeroSMulDivisors.Basic (4.6s)
✔ [1117/1134] Built Mathlib.Order.ConditionallyCompleteLattice.Group (5.8s)
✔ [1118/1134] Built Mathlib.Algebra.Order.CauSeq.Basic (31s)
✔ [1119/1135] Built Mathlib.Order.ConditionallyCompleteLattice.Finset (14s)
✔ [1120/1135] Built Mathlib.Algebra.Order.Group.Pointwise.CompleteLattice (28s)
✔ [1121/1138] Built Mathlib.Algebra.Group.Embedding (4.7s)
✔ [1122/1139] Built Mathlib.Algebra.Order.Floor.Ring (37s)
✔ [1123/1139] Built Mathlib.Algebra.Order.CauSeq.Completion (19s)
✔ [1124/1139] Built Mathlib.Algebra.Order.Module.Defs (41s)
✔ [1125/1146] Built Mathlib.Order.Hom.WithTopBot (15s)
✔ [1126/1146] Built Mathlib.Order.Interval.Set.WithBotTop (7.0s)
✔ [1127/1146] Built Mathlib.Algebra.Order.Nonneg.Module (8.5s)
✔ [1128/1146] Built Mathlib.Algebra.Order.Round (11s)
✔ [1129/1147] Built Mathlib.Algebra.Order.Module.Field (10s)
✔ [1130/1147] Built Mathlib.Data.Real.Basic (16s)
✔ [1131/1147] Built Mathlib.Order.Minimal (17s)
✔ [1132/1147] Built Mathlib.Algebra.Order.Module.Pointwise (7.7s)
✔ [1133/1147] Built Mathlib.Order.Cover (21s)
✔ [1134/1148] Built Mathlib.Data.Rat.Floor (22s)
✔ [1135/1153] Built Mathlib.Order.Interval.Finset.Defs (29s)
✔ [1136/1153] Built Mathlib.Algebra.Group.EvenFunction (5.1s)
✔ [1137/1153] Built Mathlib.Order.Preorder.Finite (7.1s)
✔ [1138/1154] Built Mathlib.Data.Countable.Defs (3.6s)
✔ [1139/1154] Built Mathlib.Data.Nat.Bits (5.3s)
✔ [1140/1154] Built Mathlib.Data.Nat.Pairing (5.3s)
✔ [1141/1155] Built Mathlib.Data.Finset.Order (5.9s)
✔ [1142/1158] Built Mathlib.Logic.Equiv.Nat (6.0s)
✔ [1143/1158] Built Mathlib.Algebra.Order.Archimedean.Basic (24s)
✔ [1144/1163] Built Mathlib.Logic.Encodable.Basic (13s)
✔ [1145/1165] Built Mathlib.Order.Filter.Defs (17s)
✔ [1146/1167] Built Mathlib.Logic.Encodable.Lattice (7.9s)
✔ [1147/1168] Built Mathlib.Algebra.Order.Archimedean.Real.Basic (18s)
✔ [1148/1168] Built Mathlib.Order.Interval.Finset.Basic (38s)
✔ [1149/1168] Built Mathlib.Algebra.Order.Sub.WithTop (5.2s)
✔ [1150/1168] Built Mathlib.Order.Filter.Basic (24s)
✔ [1151/1168] Built Mathlib.Data.Real.Pointwise (7.4s)
✔ [1152/1168] Built Mathlib.Data.ENat.Defs (3.2s)
✔ [1153/1168] Built Mathlib.Algebra.Order.Ring.WithTop (22s)
✔ [1154/1168] Built Mathlib.Order.Interval.Multiset (8.5s)
✔ [1155/1168] Built Mathlib.Order.Filter.AtTopBot.Defs (9.0s)
✔ [1156/1168] Built Mathlib.Order.Filter.Finite (13s)
✔ [1157/1177] Built Mathlib.Data.NNReal.Defs (30s)
✔ [1158/1178] Built Mathlib.Order.Filter.AtTopBot.Disjoint (5.2s)
✔ [1159/1179] Built Mathlib.Order.Iterate (6.8s)
✔ [1160/1182] Built Mathlib.Order.Filter.Map (17s)
✔ [1161/1182] Built Mathlib.Order.Interval.Finset.Nat (13s)
✔ [1162/1182] Built Mathlib.Algebra.Group.Fin.Basic (7.5s)
✔ [1163/1182] Built Mathlib.Order.Filter.Tendsto (6.4s)
✔ [1164/1182] Built Mathlib.Algebra.Group.ModEq (8.2s)
✔ [1165/1185] Built Mathlib.Order.Lattice.Nat (9.8s)
✔ [1166/1185] Built Mathlib.Order.Filter.Bases.Basic (15s)
✔ [1167/1185] Built Mathlib.Data.Nat.GCD.Basic (10s)
✔ [1168/1185] Built Mathlib.Order.Filter.AtTopBot.Tendsto (5.4s)
✔ [1169/1185] Built Mathlib.Data.NNReal.Basic (10s)
✔ [1170/1188] Built Mathlib.Order.SuccPred.Basic (29s)
✔ [1171/1188] Built Mathlib.Data.Nat.ModEq (12s)
✔ [1172/1188] Built Mathlib.Order.SuccPred.WithBot (5.3s)
✔ [1173/1188] Built Mathlib.Logic.Small.Defs (3.0s)
✔ [1174/1189] Built Mathlib.Order.Filter.AtTopBot.Basic (10s)
✔ [1175/1189] Built Mathlib.Order.SuccPred.Archimedean (12s)
✔ [1176/1189] Built Mathlib.Logic.Small.Basic (4.2s)
✔ [1177/1189] Built Mathlib.Data.ZMod.Defs (8.5s)
✔ [1178/1189] Built Mathlib.Data.Countable.Basic (4.7s)
✔ [1179/1194] Built Mathlib.Order.Filter.AtTopBot.Finset (5.0s)
✔ [1180/1195] Built Mathlib.Algebra.Order.Hom.Monoid (26s)
✔ [1181/1195] Built Mathlib.Data.Countable.Small (2.4s)
✔ [1182/1195] Built Mathlib.Data.Nat.Order.Lemmas (3.0s)
✔ [1183/1195] Built Mathlib.Logic.Small.Set (4.5s)
✔ [1184/1196] Built Mathlib.Logic.UnivLE (2.7s)
✔ [1185/1196] Built Mathlib.Algebra.Order.Hom.MonoidWithZero (18s)
✔ [1186/1199] Built Mathlib.Logic.Denumerable (16s)
✔ [1187/1199] Built Mathlib.Order.SuccPred.Limit (27s)
✔ [1188/1202] Built Mathlib.Order.RelIso.Set (10s)
✔ [1189/1202] Built Mathlib.Algebra.Order.Hom.Ring (18s)
✔ [1190/1202] Built Mathlib.Data.Prod.Lex (19s)
✔ [1191/1203] Built Mathlib.Data.Sum.Order (36s)
✔ [1192/1203] Built Mathlib.Logic.Equiv.List (6.9s)
✔ [1193/1203] Built Mathlib.Order.SuccPred.CompleteLinearOrder (12s)
✔ [1194/1203] Built Mathlib.Algebra.Order.SuccPred (21s)
✔ [1195/1203] Built Mathlib.Order.Hom.Lex (17s)
✔ [1196/1206] Built Mathlib.SetTheory.Cardinal.Defs (11s)
✔ [1197/1206] Built Mathlib.Data.Nat.SuccPred (7.6s)
✔ [1198/1206] Built Mathlib.Dynamics.FixedPoints.Defs (4.6s)
✔ [1199/1207] Built Mathlib.Data.Set.Countable (12s)
✔ [1200/1207] Built Mathlib.Order.UpperLower.Basic (33s)
✔ [1201/1209] Built Mathlib.Order.Hom.Order (7.6s)
✔ [1202/1213] Built Mathlib.Control.Monad.Basic (2.6s)
✔ [1203/1213] Built Mathlib.Dynamics.FixedPoints.Basic (4.7s)
✔ [1204/1221] Built Mathlib.Order.ScottContinuity (10s)
✔ [1205/1221] Built Mathlib.Data.Part (15s)
✔ [1206/1222] Built Mathlib.Order.InitialSeg (17s)
✔ [1207/1222] Built Mathlib.Order.CompleteLattice.Chain (5.3s)
✔ [1208/1224] Built Mathlib.Data.ENat.Basic (22s)
✔ [1209/1224] Built Mathlib.Order.Part (3.7s)
✔ [1210/1224] Built Mathlib.Order.Zorn (4.7s)
✔ [1211/1226] Built Mathlib.Data.ENat.Pow (5.4s)
✔ [1212/1231] Built Mathlib.Algebra.Group.ULift (5.7s)
✔ [1213/1232] Built Mathlib.Order.Interval.Set.OrderIso (5.4s)
✔ [1214/1232] Built Mathlib.Order.Filter.AtTopBot.Map (5.6s)
✔ [1215/1232] Built Mathlib.Order.Filter.Prod (15s)
✔ [1216/1234] Built Mathlib.Order.ModularLattice (15s)
✔ [1217/1234] Built Mathlib.Algebra.Torsor.Defs (8.1s)
✔ [1218/1235] Built Mathlib.Order.OmegaCompletePartialOrder (18s)
✔ [1219/1235] Built Mathlib.Algebra.Group.Submonoid.MulAction (5.7s)
✔ [1220/1235] Built Mathlib.Order.Filter.NAry (6.3s)
✔ [1221/1235] Built Mathlib.Order.BourbakiWitt (8.2s)
✔ [1222/1241] Built Mathlib.Algebra.Group.Submonoid.DistribMulAction (4.6s)
✔ [1223/1241] Built Mathlib.Algebra.Group.Conj (9.5s)
✔ [1224/1241] Built Mathlib.Order.FixedPoints (9.3s)
✔ [1225/1246] Built Mathlib.Order.Atoms (27s)
✔ [1226/1248] Built Mathlib.SetTheory.Cardinal.SchroederBernstein (9.2s)
✔ [1227/1248] Built Mathlib.Order.ZornAtoms (4.3s)
✔ [1228/1248] Built Mathlib.Algebra.Group.Subgroup.Defs (21s)
✔ [1229/1248] Built Mathlib.SetTheory.Cardinal.Order (13s)
✔ [1230/1248] Built Mathlib.Order.Filter.Ultrafilter.Defs (10s)
✔ [1231/1249] Built Mathlib.Algebra.Group.Submonoid.Operations (42s)
✔ [1232/1249] Built Mathlib.Algebra.Group.Center (28s)
✔ [1233/1249] Built Mathlib.GroupTheory.GroupAction.Defs (17s)
✔ [1234/1249] Built Mathlib.SetTheory.Cardinal.Basic (21s)
✔ [1235/1249] Built Mathlib.Data.Set.Constructions (6.2s)
✔ [1236/1252] Built Mathlib.GroupTheory.Subsemigroup.Center (3.6s)
✔ [1237/1252] Built Mathlib.Data.Set.Finite.Lemmas (6.5s)
✔ [1238/1255] Built Mathlib.SetTheory.Cardinal.ENat (10s)
✔ [1239/1255] Built Mathlib.Algebra.Group.Subgroup.Lattice (24s)
✔ [1240/1255] Built Mathlib.Order.Filter.Pointwise (30s)
✔ [1241/1255] Built Mathlib.SetTheory.Cardinal.ToNat (5.2s)
✔ [1242/1255] Built Mathlib.Order.Filter.Bases.Finite (5.3s)
✔ [1243/1256] Built Mathlib.Order.Filter.AtTopBot.Prod (5.6s)
✔ [1244/1256] Built Mathlib.GroupTheory.Submonoid.Center (9.5s)
✔ [1245/1256] Built Mathlib.SetTheory.Cardinal.Finite (10s)
✔ [1246/1258] Built Mathlib.Order.Filter.CountablyGenerated (8.2s)
✔ [1247/1260] Built Mathlib.Order.Filter.AtTopBot.Finite (8.3s)
✔ [1248/1261] Built Mathlib.Order.Filter.Ker (4.5s)
✔ [1249/1261] Built Mathlib.Order.Filter.Pi (8.0s)
✔ [1250/1261] Built Mathlib.Order.Filter.AtTopBot.CountablyGenerated (7.8s)
✔ [1251/1261] Built Mathlib.Algebra.Group.Subgroup.Map (24s)
✔ [1252/1263] Built Mathlib.Data.Fin.VecNotation (13s)
✔ [1253/1266] Built Mathlib.Order.Heyting.Boundary (6.4s)
✔ [1254/1266] Built Mathlib.Order.Filter.Curry (3.4s)
✔ [1255/1266] Built Mathlib.Tactic.Continuity.Init (2.7s)
✔ [1256/1267] Built Mathlib.Util.DelabNonCanonical (2.5s)
✔ [1257/1275] Built Mathlib.Tactic.Continuity (2.7s)
✔ [1258/1290] Built Mathlib.Order.Filter.Cofinite (7.1s)
✔ [1259/1290] Built Mathlib.Topology.Defs.Basic (5.5s)
✔ [1260/1290] Built Mathlib.Order.Filter.Lift (8.8s)
✔ [1261/1290] Built Mathlib.Data.Fintype.Order (9.2s)
✔ [1262/1292] Built Mathlib.Topology.Bornology.Basic (7.6s)
✔ [1263/1295] Built Mathlib.Topology.ContinuousMap.Defs (4.2s)
✔ [1264/1295] Built Mathlib.Topology.Defs.Filter (9.5s)
✔ [1265/1295] Built Mathlib.Order.PartialSups (7.8s)
✔ [1266/1299] Built Mathlib.Algebra.Group.Subgroup.Ker (27s)
✔ [1267/1299] Built Mathlib.Topology.Defs.Ultrafilter (4.5s)
✔ [1268/1299] Built Mathlib.Order.Filter.Ultrafilter.Basic (6.3s)
✔ [1269/1300] Built Mathlib.Topology.Basic (6.4s)
✔ [1270/1300] Built Mathlib.Order.SetAccumulate (5.7s)
✔ [1271/1300] Built Mathlib.Order.Filter.SmallSets (6.0s)
✔ [1272/1302] Built Mathlib.Topology.Defs.Induced (5.7s)
✔ [1273/1302] Built Mathlib.Tactic.TautoSet (5.5s)
✔ [1274/1302] Built Mathlib.Topology.Closure (11s)
✔ [1275/1307] Built Mathlib.Topology.WithTopology (6.2s)
✔ [1276/1312] Built Mathlib.Data.Set.Functor (6.6s)
✔ [1277/1312] Built Mathlib.Order.UpperLower.Fibration (5.0s)
✔ [1278/1313] Built Mathlib.Topology.Neighborhoods (8.4s)
✔ [1279/1313] Built Mathlib.Data.Set.Subset (6.3s)
✔ [1280/1313] Built Mathlib.Topology.NhdsSet (6.9s)
✔ [1281/1313] Built Mathlib.Order.UpperLower.CompleteLattice (15s)
✔ [1282/1314] Built Mathlib.Order.UpperLower.Principal (7.5s)
✔ [1283/1317] Built Mathlib.Algebra.Group.Subgroup.Basic (40s)
✔ [1284/1317] Built Mathlib.Topology.ClusterPt (9.5s)
✔ [1285/1318] Built Mathlib.Logic.Equiv.Fin.Basic (10s)
✔ [1286/1318] Built Mathlib.Order.SuccPred.Relation (4.4s)
✔ [1287/1322] Built Mathlib.GroupTheory.Subgroup.Center (6.2s)
✔ [1288/1322] Built Mathlib.Topology.Continuous (6.4s)
✔ [1289/1322] Built Mathlib.Data.Finite.Sigma (4.3s)
✔ [1290/1322] Built Mathlib.Order.UpperLower.Closure (11s)
✔ [1291/1322] Built Mathlib.Data.Set.BoolIndicator (3.6s)
✔ [1292/1322] Built Mathlib.Algebra.Group.Subgroup.Actions (6.2s)
✔ [1293/1327] Built Mathlib.Topology.Ultrafilter (4.8s)
✔ [1294/1332] Built Mathlib.Topology.Separation.SeparatedNhds (6.8s)
✔ [1295/1335] Built Mathlib.Order.Filter.CountableInter (10s)
✔ [1296/1337] Built Mathlib.Topology.Order (15s)
✔ [1297/1337] Built Mathlib.Algebra.GroupWithZero.ULift (3.5s)
✔ [1298/1344] Built Mathlib.Algebra.Group.Pointwise.Set.Lattice (11s)
✔ [1299/1348] Built Mathlib.Data.Set.UnionLift (8.8s)
✔ [1300/1350] Built Mathlib.Algebra.Ring.ULift (13s)
✔ [1301/1350] Built Mathlib.Topology.Maps.Basic (16s)
✔ [1302/1352] Built Mathlib.Algebra.Module.ULift (9.6s)
✔ [1303/1352] Built Mathlib.GroupTheory.GroupAction.SubMulAction (40s)
✔ [1304/1353] Built Mathlib.Order.Filter.IsBounded (19s)
✔ [1305/1359] Built Mathlib.Algebra.BigOperators.Group.Finset.Preimage (5.4s)
✔ [1306/1359] Built Mathlib.Topology.Maps.OpenQuotient (5.7s)
✔ [1307/1359] Built Mathlib.Order.Hom.CompleteLattice (19s)
✔ [1308/1364] Built Mathlib.Order.Filter.AtTopBot.BigOperators (6.1s)
✔ [1309/1364] Built Mathlib.Topology.Homeomorph.Defs (21s)
✔ [1310/1364] Built Mathlib.Algebra.Group.Subsemigroup.MulOpposite (16s)
✔ [1311/1365] Built Mathlib.Algebra.Group.Subgroup.ZPowers.Basic (12s)
✔ [1312/1367] Built Mathlib.Order.LiminfLimsup (36s)
✔ [1313/1367] Built Mathlib.Data.Rel (43s)
✔ [1314/1367] Built Mathlib.Algebra.Group.Submonoid.MulOpposite (10s)
✔ [1315/1367] Built Mathlib.Algebra.Group.Idempotent (4.2s)
✔ [1316/1368] Built Mathlib.Data.Rel.Separated (5.1s)
✔ [1317/1368] Built Mathlib.Topology.Constructions.SumProd (32s)
✔ [1318/1368] Built Mathlib.Algebra.FreeMonoid.Basic (17s)
✔ [1319/1372] Built Mathlib.Data.Rel.Cover (3.4s)
✔ [1320/1372] Built Mathlib.Algebra.Group.Subgroup.MulOpposite (5.9s)
✔ [1321/1372] Built Mathlib.Data.Sigma.Lex (3.8s)
✔ [1322/1372] Built Mathlib.Topology.Algebra.InfiniteSum.SummationFilter (20s)
✔ [1323/1372] Built Mathlib.Topology.Algebra.Monoid.Defs (6.3s)
✔ [1324/1372] Built Mathlib.Order.OrderIsoNat (11s)
✔ [1325/1373] Built Mathlib.Topology.UniformSpace.Defs (14s)
✔ [1326/1373] Built Mathlib.Algebra.Group.Subgroup.MulOppositeLemmas (7.9s)
✔ [1327/1373] Built Mathlib.Algebra.Group.Submonoid.Membership (23s)
✔ [1328/1379] Built Mathlib.Topology.Algebra.Group.Defs (7.9s)
✔ [1329/1383] Built Mathlib.Algebra.Group.Commutator (2.5s)
✔ [1330/1387] Built Mathlib.Topology.Constructions (29s)
✔ [1331/1387] Built Mathlib.Order.WellQuasiOrder (5.5s)
✔ [1332/1387] Built Mathlib.GroupTheory.Subsemigroup.Centralizer (4.5s)
✔ [1333/1387] Built Mathlib.Algebra.Order.Interval.Set.Monoid (4.8s)
✔ [1334/1387] Built Mathlib.GroupTheory.Submonoid.Centralizer (7.9s)
✔ [1335/1387] Built Mathlib.Topology.GDelta.Basic (10s)
✔ [1336/1391] Built Mathlib.Topology.NhdsWithin (15s)
✔ [1337/1391] Built Mathlib.Order.WellFoundedSet (18s)
✔ [1338/1391] Built Mathlib.GroupTheory.Subgroup.Centralizer (13s)
✔ [1339/1391] Built Mathlib.Topology.Baire.Lemmas (8.3s)
✔ [1340/1391] Built Mathlib.Order.Filter.AtTopBot.Monoid (6.7s)
✔ [1341/1391] Built Mathlib.Topology.ContinuousOn (17s)
✔ [1342/1393] Built Mathlib.Algebra.Group.Submonoid.Pointwise (13s)
✔ [1343/1393] Built Mathlib.GroupTheory.GroupAction.ConjAct (10s)
✔ [1344/1393] Built Mathlib.Order.Filter.AtTopBot.Group (7.2s)
✔ [1345/1393] Built Mathlib.Topology.Clopen (10s)
✔ [1346/1393] Built Mathlib.Algebra.Order.Group.Pointwise.Interval (57s)
✔ [1347/1393] Built Mathlib.Topology.Bases (31s)
✔ [1348/1393] Built Mathlib.Topology.UniformSpace.Basic (29s)
✔ [1349/1393] Built Mathlib.Topology.Inseparable (20s)
✔ [1350/1396] Built Mathlib.Topology.Piecewise (6.4s)
✔ [1351/1396] Built Mathlib.Topology.Order.LeftRight (8.3s)
✔ [1352/1396] Built Mathlib.Topology.LocallyFinite (6.6s)
✔ [1353/1396] Built Mathlib.RingTheory.NonUnitalSubsemiring.Defs (10s)
✔ [1354/1396] Built Mathlib.Order.Filter.AtTopBot.Ring (6.9s)
✔ [1355/1396] Built Mathlib.Algebra.Group.Submonoid.Units (19s)
✔ [1356/1396] Built Mathlib.Topology.UniformSpace.DiscreteUniformity (6.9s)
✔ [1357/1396] Built Mathlib.Algebra.Group.Subgroup.Pointwise (23s)
✔ [1358/1399] Built Mathlib.Topology.Compactness.Compact (26s)
✔ [1359/1399] Built Mathlib.RingTheory.NonUnitalSubring.Defs (10s)
✔ [1360/1399] Built Mathlib.Topology.Compactness.LocallyFinite (5.5s)
✔ [1361/1400] Built Mathlib.Order.Filter.AtTopBot.Field (8.4s)
✔ [1362/1402] Built Mathlib.Data.Nat.Cast.Prod (3.6s)
✔ [1363/1402] Built Mathlib.Algebra.Ring.Subsemiring.Defs (11s)
✔ [1364/1403] Built Mathlib.Algebra.Ring.Action.Subobjects (4.5s)
✔ [1365/1404] Built Mathlib.Topology.Compactness.LocallyCompact (7.1s)
✔ [1366/1404] Built Mathlib.Data.Int.Cast.Prod (3.4s)
✔ [1367/1405] Built Mathlib.Algebra.GroupWithZero.Center (3.5s)
✔ [1368/1405] Built Mathlib.Algebra.Group.Subsemigroup.Membership (6.6s)
✔ [1369/1405] Built Mathlib.Algebra.Ring.Subring.Defs (13s)
✔ [1370/1408] Built Mathlib.Topology.Compactness.SigmaCompact (10s)
✔ [1371/1408] Built Mathlib.Algebra.Ring.Center (6.4s)
✔ [1372/1410] Built Mathlib.Algebra.Group.Subsemigroup.Operations (20s)
✔ [1373/1410] Built Mathlib.Topology.Separation.Basic (18s)
✔ [1374/1410] Built Mathlib.Algebra.Ring.Centralizer (3.1s)
✔ [1375/1411] Built Mathlib.Algebra.Ring.Submonoid.Basic (3.0s)
✔ [1376/1413] Built Mathlib.Algebra.Ring.Prod (14s)
✔ [1377/1413] Built Mathlib.Algebra.Field.Subfield.Defs (12s)
✔ [1378/1416] Built Mathlib.Topology.Compactness.Lindelof (14s)
✔ [1379/1416] Built Mathlib.Topology.DiscreteSubset (20s)
✔ [1380/1417] Built Mathlib.Order.Filter.Extr (14s)
✔ [1381/1417] Built Mathlib.RingTheory.NonUnitalSubsemiring.Basic (23s)
✔ [1382/1417] Built Mathlib.Topology.Algebra.ContinuousMonoidHom (30s)
✔ [1383/1418] Built Mathlib.Order.Filter.AtTopBot.CompleteLattice (5.4s)
✔ [1384/1419] Built Mathlib.Topology.Irreducible (13s)
✔ [1385/1419] Built Mathlib.Topology.Order.LocalExtr (12s)
✔ [1386/1424] Built Mathlib.Order.Filter.Interval (18s)
✔ [1387/1426] Built Mathlib.Topology.Separation.Hausdorff (17s)
✔ [1388/1426] Built Mathlib.RingTheory.NonUnitalSubring.Basic (27s)
✔ [1389/1426] Built Mathlib.Order.OrdContinuous (8.3s)
✔ [1390/1426] Built Mathlib.Algebra.Ring.Subsemiring.Basic (33s)
✔ [1391/1426] Built Mathlib.Order.Interval.Set.Pi (13s)
✔ [1392/1426] Built Mathlib.Topology.Algebra.InfiniteSum.Defs (15s)
✔ [1393/1426] Built Mathlib.Topology.ContinuousMap.Basic (12s)
✔ [1394/1427] Built Mathlib.Topology.Algebra.Support (14s)
✔ [1395/1431] Built Mathlib.Topology.Order.OrderClosed (22s)
✔ [1396/1431] Built Mathlib.Algebra.Order.Antidiag.Prod (9.7s)
✔ [1397/1431] Built Mathlib.Topology.Connected.Basic (18s)
✔ [1398/1431] Built Mathlib.Data.List.NatAntidiagonal (5.0s)
✔ [1399/1431] Built Mathlib.Topology.Algebra.InfiniteSum.Basic (36s)
✔ [1400/1431] Built Mathlib.Data.Multiset.NatAntidiagonal (4.9s)
✔ [1401/1434] Built Mathlib.Algebra.Ring.Subring.Basic (44s)
✔ [1402/1434] Built Mathlib.Topology.Order.Basic (39s)
✔ [1403/1435] Built Mathlib.Data.Finset.NatAntidiagonal (9.6s)
✔ [1404/1437] Built Mathlib.Order.Interval.Set.SuccPred (8.6s)
✔ [1405/1437] Built Mathlib.Topology.Connected.Clopen (20s)
✔ [1406/1437] Built Mathlib.Topology.Order.MonotoneConvergence (9.9s)
✔ [1407/1437] Built Mathlib.Algebra.BigOperators.NatAntidiagonal (5.2s)
✔ [1408/1441] Built Mathlib.Data.Finset.Fin (4.9s)
✔ [1409/1441] Built Mathlib.Order.Interval.Finset.SuccPred (13s)
✔ [1410/1441] Built Mathlib.Topology.Connected.LocallyConnected (13s)
✔ [1411/1444] Built Mathlib.Topology.Order.LeftRightNhds (29s)
✔ [1412/1444] Built Mathlib.Order.Interval.Set.Fin (23s)
✔ [1413/1444] Built Mathlib.Topology.Connected.TotallyDisconnected (10s)
✔ [1414/1444] Built Mathlib.Data.Fintype.Pigeonhole (5.1s)
✔ [1415/1444] Built Mathlib.Topology.Separation.Regular (16s)
✔ [1416/1444] Built Mathlib.Algebra.Order.Interval.Finset.SuccPred (9.7s)
✔ [1417/1444] Built Mathlib.Algebra.Order.Interval.Finset.Basic (5.7s)
✔ [1418/1449] Built Mathlib.Topology.Algebra.Order.Group (13s)
✔ [1419/1449] Built Mathlib.Topology.DenseEmbedding (11s)
✔ [1420/1449] Built Mathlib.Order.SuccPred.LinearLocallyFinite (14s)
✔ [1421/1455] Built Mathlib.Algebra.Ring.Aut (8.6s)
✔ [1422/1455] Built Mathlib.Order.Interval.Finset.Fin (26s)
✔ [1423/1455] Built Mathlib.Tactic.Finiteness (7.6s)
✔ [1424/1457] Built Mathlib.Topology.Homeomorph.Lemmas (21s)
✔ [1425/1457] Built Mathlib.Order.Disjointed (10s)
✔ [1426/1457] Built Mathlib.Algebra.Star.Basic (15s)
✔ [1427/1457] Built Mathlib.Data.ENNReal.Basic (23s)
✔ [1428/1457] Built Mathlib.Topology.Maps.Proper.Basic (7.5s)
✔ [1429/1459] Built Mathlib.Topology.Algebra.Constructions (9.2s)
✔ [1430/1459] Built Mathlib.Topology.Bornology.Constructions (6.3s)
✔ [1431/1459] Built Mathlib.Topology.Algebra.Star (5.1s)
✔ [1432/1459] Built Mathlib.Algebra.Order.BigOperators.Group.LocallyFinite (11s)
✔ [1433/1459] Built Mathlib.Data.ENNReal.Real (12s)
✔ [1434/1459] Built Mathlib.Topology.Order.Bornology (9.1s)
✔ [1435/1460] Built Mathlib.Topology.UniformSpace.Cauchy (21s)
✔ [1436/1461] Built Mathlib.Topology.Order.IsLUB (18s)
✔ [1437/1461] Built Mathlib.Tactic.Order.CollectFacts (14s)
✔ [1438/1462] Built Mathlib.Algebra.BigOperators.Intervals (21s)
✔ [1439/1463] Built Mathlib.Data.ENNReal.Operations (20s)
✔ [1440/1468] Built Mathlib.Tactic.Order.Graph.Basic (3.7s)
✔ [1441/1468] Built Mathlib.Topology.Algebra.ConstMulAction (42s)
✔ [1442/1468] Built Mathlib.Topology.Order.DenselyOrdered (13s)
✔ [1443/1468] Built Mathlib.Tactic.Order.Preprocessing (8.1s)
✔ [1444/1468] Built Mathlib.Algebra.Ring.GeomSum (13s)
✔ [1445/1471] Built Mathlib.Tactic.Order.Graph.Tarjan (5.1s)
✔ [1446/1471] Built Mathlib.Tactic.Order.ToInt (9.8s)
✔ [1447/1472] Built Mathlib.Topology.UniformSpace.OfFun (6.5s)
✔ [1448/1472] Built Mathlib.Data.EReal.Basic (27s)
✔ [1449/1472] Built Mathlib.Topology.Algebra.MulAction (22s)
✔ [1450/1474] Built Mathlib.Topology.UniformSpace.Compact (9.1s)
✔ [1451/1474] Built Mathlib.Tactic.Order (13s)
✔ [1452/1477] Built Mathlib.Data.ENNReal.Inv (28s)
✔ [1453/1477] Built Mathlib.Topology.UniformSpace.UniformConvergence (21s)
✔ [1454/1478] Built Mathlib.Topology.Order.Monotone (23s)
✔ [1455/1478] Built Mathlib.Data.EReal.Operations (34s)
✔ [1456/1478] Built Mathlib.Topology.UniformSpace.Separation (9.2s)
✔ [1457/1481] Built Mathlib.Topology.UniformSpace.LocallyUniformConvergence (10s)
✔ [1458/1483] Built Mathlib.Topology.Algebra.Monoid (44s)
✔ [1459/1483] Built Mathlib.Topology.EMetricSpace.Defs (30s)
✔ [1460/1484] Built Mathlib.Topology.UniformSpace.UniformEmbedding (18s)
✔ [1461/1487] Built Mathlib.Topology.Algebra.GroupWithZero (14s)
✔ [1462/1487] Built Mathlib.Topology.Order.IntermediateValue (36s)
✔ [1463/1487] Built Mathlib.Topology.UniformSpace.Pi (9.5s)
✔ [1464/1488] Built Mathlib.Topology.EMetricSpace.Basic (19s)
✔ [1465/1488] Built Mathlib.Data.ENNReal.Lemmas (6.2s)
✔ [1466/1488] Built Mathlib.Topology.MetricSpace.Pseudo.Defs (31s)
✔ [1467/1490] Built Mathlib.Topology.Metrizable.Basic (6.3s)
✔ [1468/1493] Built Mathlib.Topology.EMetricSpace.Pi (7.5s)
✔ [1469/1493] Built Mathlib.Topology.Order.Compact (13s)
✔ [1470/1493] Built Mathlib.Topology.MetricSpace.Pseudo.Constructions (11s)
✔ [1471/1493] Built Mathlib.Topology.Algebra.Group.Basic (67s)
✔ [1472/1493] Built Mathlib.Topology.MetricSpace.Defs (8.5s)
✔ [1473/1493] Built Mathlib.Topology.MetricSpace.Pseudo.Basic (13s)
✔ [1474/1495] Built Mathlib.Topology.MetricSpace.Pseudo.Pi (8.6s)
✔ [1475/1495] Built Mathlib.Topology.MetricSpace.Pseudo.Lemmas (7.7s)
✔ [1476/1496] Built Mathlib.Topology.EMetricSpace.Diam (8.6s)
✔ [1477/1496] Built Mathlib.Topology.Algebra.Group.GroupTopology (8.0s)
✔ [1478/1497] Built Mathlib.Algebra.Ring.CharZero (4.4s)
✔ [1479/1497] Built Mathlib.Topology.MetricSpace.ProperSpace (5.7s)
✔ [1480/1497] Built Mathlib.Topology.MetricSpace.Basic (9.6s)
✔ [1481/1499] Built Mathlib.Topology.MetricSpace.Cauchy (7.0s)
✔ [1482/1499] Built Mathlib.Data.Int.ConditionallyCompleteOrder (4.4s)
✔ [1483/1499] Built Mathlib.Topology.Algebra.Group.Pointwise (19s)
✔ [1484/1499] Built Mathlib.Topology.Instances.Discrete (5.9s)
✔ [1485/1500] Built Mathlib.Topology.Algebra.IsUniformGroup.Defs (31s)
✔ [1486/1500] Built Mathlib.Data.Int.Interval (9.1s)
✔ [1487/1500] Built Mathlib.Topology.Algebra.Ring.Basic (16s)
✔ [1488/1500] Built Mathlib.Order.Filter.AtTopBot.Archimedean (10s)
✔ [1490/1510] Built Mathlib.Topology.Order.MonotoneContinuity (10s)
✔ [1491/1510] Built Mathlib.Order.Interval.Set.OrdConnectedComponent (6.4s)
✔ [1492/1510] Built Mathlib.Topology.MetricSpace.Bounded (20s)
✔ [1493/1510] Built Mathlib.Topology.Algebra.Field (10s)
✔ [1494/1510] Built Mathlib.Topology.UniformSpace.Real (5.3s)
✔ [1495/1510] Built Mathlib.Topology.Order.T5 (5.7s)
✔ [1496/1510] Built Mathlib.Topology.Algebra.InfiniteSum.Group (21s)
✔ [1497/1510] Built Mathlib.Topology.Instances.Int (5.6s)
✔ [1498/1510] Built Mathlib.Topology.Bornology.Real (5.2s)
✔ [1499/1510] Built Mathlib.Topology.Order.Real (4.4s)
✔ [1500/1510] Built Mathlib.Topology.Algebra.Order.Field (11s)
✔ [1501/1510] Built Mathlib.Topology.Algebra.Ring.Real (5.2s)
✔ [1502/1510] Built Mathlib.Topology.Algebra.InfiniteSum.NatInt (14s)
✔ [1503/1510] Built Mathlib.Topology.Algebra.InfiniteSum.Order (8.1s)
✔ [1504/1510] Built Mathlib.Topology.Algebra.InfiniteSum.Constructions (35s)
✔ [1505/1510] Built Mathlib.Topology.Algebra.InfiniteSum.Ring (4.2s)
✔ [1506/1510] Built Mathlib.Topology.Instances.NNReal.Lemmas (3.9s)
✔ [1507/1510] Built Mathlib.Analysis.Real.Sqrt (7.2s)
✔ [1508/1510] Built Rmo2025P2.Main (17s)
✔ [1509/1510] Built Rmo2025P2 (2.6s)
Build completed successfully (1510 jobs).
