	Command being timed: "env MATHLIB_NO_CACHE_ON_UPDATE=1 LAKE_JOBS=2 lake build Rmo2025P2"
	User time (seconds): 10702.28
	System time (seconds): 1574.61
	Percent of CPU this job got: 347%
	Elapsed (wall clock) time (h:mm:ss or m:ss): 58:54.24
	Average shared text size (kbytes): 0
	Average unshared data size (kbytes): 0
	Average stack size (kbytes): 0
	Average total size (kbytes): 0
	Maximum resident set size (kbytes): 2137424
	Average resident set size (kbytes): 0
	Major (requiring I/O) page faults: 1383
	Minor (reclaiming a frame) page faults: 39880961
	Voluntary context switches: 4436532
	Involuntary context switches: 10873918
	Swaps: 0
	File system inputs: 1502776
	File system outputs: 1184
	Socket messages sent: 0
	Socket messages received: 0
	Signals delivered: 0
	Page size (bytes): 4096
	Exit status: 0
